---
source: crates/ui/src/screens/battle/mod.rs
expression: buf.to_snapshot(&c.palette)
---
                                                                      ┌────────────────────────────┐
                                                                      │ Plain                      │
                                                                      │ DEF +0  AVO +0             │
                                                                      │                            │
                                                                      │                            │
                                                                      │                            │
                                                                      │                            │
                                                                      │                            │
                                                                      │                            │
                                                                      │                            │
                                                                      │                            │
                    ≈≈≈≈≈≈≈≈≈≈....♣♣♣♣♠♠♠♠^^^^▲▲                      │                            │
                    ≈≈≈≈≈≈≈≈....··Ra··♣♣♣♣^^^^^^                      │                            │
                    ≈≈≈≈≈≈====······Br..♣♣♣♣....                      │                            │
                    ..≈≈≈≈..··..............Br..                      │                            │
                    ....ar····........▓▓▓▓▓▓▓▓..                      │                            │
                    ..♣♣··Lo..[[..]...▓▓░░[]▓▓..                      │                            │
                    ♣♣♣♣··..Kn........▓▓░░░░▓▓..                      │                            │
                    ♣♣♠♠··............▓▓▓▓▐▌▓▓..                      │                            │
                                                                      │                            │
                                                                      │                            │
                                                                      │                            │
                                                                      │                            │
                                                                      │                            │
                                                                      │                            │
                                                                      │                            │
                                                                      │                            │
                                                                      │                            │
                                                                      │                            │
                                                                      └────────────────────────────┘
                                                                                                    
 arrows move · s next unit · d back                                                                 
--- colours ---
aaaaaaaaaaaaaaaaaaaaaaaaaaaaaaaaaaaaaaaaaaaaaaaaaaaaaaaaaaaaaaaaaaaaaabbbbbbbbbbbbbbbbbbbbbbbbbbbbbb
aaaaaaaaaaaaaaaaaaaaaaaaaaaaaaaaaaaaaaaaaaaaaaaaaaaaaaaaaaaaaaaaaaaaaabcdddddccccccccccccccccccccccb
aaaaaaaaaaaaaaaaaaaaaaaaaaaaaaaaaaaaaaaaaaaaaaaaaaaaaaaaaaaaaaaaaaaaaabccccccccccccccccccccccccccccb
aaaaaaaaaaaaaaaaaaaaaaaaaaaaaaaaaaaaaaaaaaaaaaaaaaaaaaaaaaaaaaaaaaaaaabccccccccccccccccccccccccccccb
aaaaaaaaaaaaaaaaaaaaaaaaaaaaaaaaaaaaaaaaaaaaaaaaaaaaaaaaaaaaaaaaaaaaaabccccccccccccccccccccccccccccb
aaaaaaaaaaaaaaaaaaaaaaaaaaaaaaaaaaaaaaaaaaaaaaaaaaaaaaaaaaaaaaaaaaaaaabccccccccccccccccccccccccccccb
aaaaaaaaaaaaaaaaaaaaaaaaaaaaaaaaaaaaaaaaaaaaaaaaaaaaaaaaaaaaaaaaaaaaaabccccccccccccccccccccccccccccb
aaaaaaaaaaaaaaaaaaaaaaaaaaaaaaaaaaaaaaaaaaaaaaaaaaaaaaaaaaaaaaaaaaaaaabccccccccccccccccccccccccccccb
aaaaaaaaaaaaaaaaaaaaaaaaaaaaaaaaaaaaaaaaaaaaaaaaaaaaaaaaaaaaaaaaaaaaaabccccccccccccccccccccccccccccb
aaaaaaaaaaaaaaaaaaaaaaaaaaaaaaaaaaaaaaaaaaaaaaaaaaaaaaaaaaaaaaaaaaaaaabccccccccccccccccccccccccccccb
aaaaaaaaaaaaaaaaaaaaaaaaaaaaaaaaaaaaaaaaaaaaaaaaaaaaaaaaaaaaaaaaaaaaaabccccccccccccccccccccccccccccb
aaaaaaaaaaaaaaaaaaaaeeeeeeffffgggghhhhiiiijjjjkkaaaaaaaaaaaaaaaaaaaaaabccccccccccccccccccccccccccccb
aaaaaaaaaaaaaaaaaaaaeeeeffffggggllmmllhhhhjjjjjjaaaaaaaaaaaaaaaaaaaaaabccccccccccccccccccccccccccccb
aaaaaaaaaaaaaaaaaaaaeeffffnnnnlllllloogghhhhggggaaaaaaaaaaaaaaaaaaaaaabccccccccccccccccccccccccccccb
aaaaaaaaaaaaaaaaaaaaggffffggllggggggggggggggppggaaaaaaaaaaaaaaaaaaaaaabccccccccccccccccccccccccccccb
aaaaaaaaaaaaaaaaaaaaggggqqllllggggggggrrrrrrrrggaaaaaaaaaaaaaaaaaaaaaabccccccccccccccccccccccccccccb
aaaaaaaaaaaaaaaaaaaagghhllssggtuggvgggrrwwttrrggaaaaaaaaaaaaaaaaaaaaaabccccccccccccccccccccccccccccb
aaaaaaaaaaaaaaaaaaaahhhhllggssggggggggrrwwwwrrggaaaaaaaaaaaaaaaaaaaaaabccccccccccccccccccccccccccccb
aaaaaaaaaaaaaaaaaaaahhiillggggggggggggrrrrxxrrggaaaaaaaaaaaaaaaaaaaaaabccccccccccccccccccccccccccccb
aaaaaaaaaaaaaaaaaaaaaaaaaaaaaaaaaaaaaaaaaaaaaaaaaaaaaaaaaaaaaaaaaaaaaabccccccccccccccccccccccccccccb
aaaaaaaaaaaaaaaaaaaaaaaaaaaaaaaaaaaaaaaaaaaaaaaaaaaaaaaaaaaaaaaaaaaaaabccccccccccccccccccccccccccccb
aaaaaaaaaaaaaaaaaaaaaaaaaaaaaaaaaaaaaaaaaaaaaaaaaaaaaaaaaaaaaaaaaaaaaabccccccccccccccccccccccccccccb
aaaaaaaaaaaaaaaaaaaaaaaaaaaaaaaaaaaaaaaaaaaaaaaaaaaaaaaaaaaaaaaaaaaaaabccccccccccccccccccccccccccccb
aaaaaaaaaaaaaaaaaaaaaaaaaaaaaaaaaaaaaaaaaaaaaaaaaaaaaaaaaaaaaaaaaaaaaabccccccccccccccccccccccccccccb
aaaaaaaaaaaaaaaaaaaaaaaaaaaaaaaaaaaaaaaaaaaaaaaaaaaaaaaaaaaaaaaaaaaaaabccccccccccccccccccccccccccccb
aaaaaaaaaaaaaaaaaaaaaaaaaaaaaaaaaaaaaaaaaaaaaaaaaaaaaaaaaaaaaaaaaaaaaabccccccccccccccccccccccccccccb
aaaaaaaaaaaaaaaaaaaaaaaaaaaaaaaaaaaaaaaaaaaaaaaaaaaaaaaaaaaaaaaaaaaaaabccccccccccccccccccccccccccccb
aaaaaaaaaaaaaaaaaaaaaaaaaaaaaaaaaaaaaaaaaaaaaaaaaaaaaaaaaaaaaaaaaaaaaabccccccccccccccccccccccccccccb
aaaaaaaaaaaaaaaaaaaaaaaaaaaaaaaaaaaaaaaaaaaaaaaaaaaaaaaaaaaaaaaaaaaaaabccccccccccccccccccccccccccccb
aaaaaaaaaaaaaaaaaaaaaaaaaaaaaaaaaaaaaaaaaaaaaaaaaaaaaaaaaaaaaaaaaaaaaabbbbbbbbbbbbbbbbbbbbbbbbbbbbbb
aaaaaaaaaaaaaaaaaaaaaaaaaaaaaaaaaaaaaaaaaaaaaaaaaaaaaaaaaaaaaaaaaaaaaaaaaaaaaaaaaaaaaaaaaaaaaaaaaaaa
ayyyyyyyyyyyyyyyyyyyyyyyyyyyyyyyyyyaaaaaaaaaaaaaaaaaaaaaaaaaaaaaaaaaaaaaaaaaaaaaaaaaaaaaaaaaaaaaaaaa
--- legend ---
a = fg:text bg:black
b = fg:panel_border bg:panel_bg
c = fg:text bg:panel_bg
d = fg:text_highlight bg:panel_bg
e = fg:water bg:sea
f = fg:water bg:water_bg
g = fg:grass bg:grass_bg
h = fg:forest bg:forest_bg
i = fg:thicket bg:thicket_bg
j = fg:mountain bg:mountain_bg
k = fg:peak bg:peak_bg
l = fg:road bg:road_bg
m = fg:enemy bg:road_bg
n = fg:wood bg:water_bg
o = fg:enemy bg:grass_bg
p = fg:enemy bg:fort_bg
q = fg:#54657a bg:road_bg
r = fg:stone bg:stone_bg
s = fg:player bg:grass_bg
t = fg:fort bg:fort_bg
u = fg:cursor bg:fort_bg
v = fg:cursor bg:grass_bg
w = fg:floor bg:floor_bg
x = fg:wood bg:stone_bg
y = fg:text_dim bg:black
--- overlays ---
over  208,270 16x2  hp_high
over  224,286 7x2  hp_mid
over  231,286 9x2  black
over  192,254 16x2  hp_high
over  288,222 16x2  hp_high
over  352,238 4x2  hp_low
over  356,238 12x2  black
over  272,206 16x2  hp_high
