---
source: crates/ui/src/screens/battle/attack_tests.rs
expression: h.snapshot()
---
                                                                      ╔═════════ Forecast ═════════╗
                                                                      ║                            ║
                                                                      ║ Test Archer   Brigand      ║
                                                                      ║ Iron Bow      Iron Axe     ║
                                                                      ║                            ║
                                                                      ║ HP 17 █████   HP 12 ▒▒▒░░  ║
                                                                      ║ Hit  91       Hit  --      ║
                                                                      ║ Crit 3        Crit --      ║
                                                                      ║                            ║
                                                                      ║ ────────────────────────── ║
                                                                      ║  8 dmg   →  1   no counter ║
                    ≈≈≈≈≈≈≈≈≈≈....♣♣♣♣♠♠♠♠^^^^▲▲                      ║  8 dmg   →  2              ║
                    ≈≈≈≈≈≈≈≈....··Ra··♣♣♣♣^^^^^^                      ║ ────────────────────────── ║
                    ≈≈≈≈≈≈====··Lo··Br..♣♣♣♣....                      ║ 16 ×2     Total            ║
                    ..≈≈≈≈..··..............╦╦..                      ║                            ║
                    ....······....BrAr▓▓▓▓▓▓▓▓..                      ║                            ║
                    ..♣♣··....╦╦......▓▓░░╦╦▓▓..                      ║                            ║
                    ♣♣♣♣··..Kn........▓▓░░░░▓▓..                      ║                            ║
                    ♣♣♠♠··............▓▓▓▓▐▌▓▓..                      ║                            ║
                                                                      ║                            ║
                                                                      ║                            ║
                                                                      ║                            ║
                                                                      ║                            ║
                                                                      ║                            ║
                                                                      ║                            ║
                                                                      ║                            ║
                                                                      ║                            ║
                                                                      ║                            ║
                                                                      ║                            ║
                                                                      ╚════════════════════════════╝
                                                      w danger zone: OFF · Shift+Space auto-end: ON 
 arrows next target · f attack · d back                                                             
--- colours ---
aaaaaaaaaaaaaaaaaaaaaaaaaaaaaaaaaaaaaaaaaaaaaaaaaaaaaaaaaaaaaaaaaaaaaabbbbbbbbbbccccccccccbbbbbbbbbb
aaaaaaaaaaaaaaaaaaaaaaaaaaaaaaaaaaaaaaaaaaaaaaaaaaaaaaaaaaaaaaaaaaaaaabddddddddddddddddddddddddddddb
aaaaaaaaaaaaaaaaaaaaaaaaaaaaaaaaaaaaaaaaaaaaaaaaaaaaaaaaaaaaaaaaaaaaaabdeeeeeeeeeeedddfffffffddddddb
aaaaaaaaaaaaaaaaaaaaaaaaaaaaaaaaaaaaaaaaaaaaaaaaaaaaaaaaaaaaaaaaaaaaaabdggggggggddddddggggggggdddddb
aaaaaaaaaaaaaaaaaaaaaaaaaaaaaaaaaaaaaaaaaaaaaaaaaaaaaaaaaaaaaaaaaaaaaabddddddddddddddddddddddddddddb
aaaaaaaaaaaaaaaaaaaaaaaaaaaaaaaaaaaaaaaaaaaaaaaaaaaaaaaaaaaaaaaaaaaaaabdggddddhhhhhdddggddddiiiggddb
aaaaaaaaaaaaaaaaaaaaaaaaaaaaaaaaaaaaaaaaaaaaaaaaaaaaaaaaaaaaaaaaaaaaaabdgggdddddddddddgggddddddddddb
aaaaaaaaaaaaaaaaaaaaaaaaaaaaaaaaaaaaaaaaaaaaaaaaaaaaaaaaaaaaaaaaaaaaaabdggggddddddddddggggdddddddddb
aaaaaaaaaaaaaaaaaaaaaaaaaaaaaaaaaaaaaaaaaaaaaaaaaaaaaaaaaaaaaaaaaaaaaabddddddddddddddddddddddddddddb
aaaaaaaaaaaaaaaaaaaaaaaaaaaaaaaaaaaaaaaaaaaaaaaaaaaaaaaaaaaaaaaaaaaaaabdbbbbbbbbbbbbbbbbbbbbbbbbbbdb
aaaaaaaaaaaaaaaaaaaaaaaaaaaaaaaaaaaaaaaaaaaaaaaaaaaaaaaaaaaaaaaaaaaaaabddddddddddgddgdddggggggggggdb
aaaaaaaaaaaaaaaaaaaajjjjjjkkkkllllmmmmnnnnooooppaaaaaaaaaaaaaaaaaaaaaabddddddddddgddgddddddddddddddb
aaaaaaaaaaaaaaaaaaaajjjjkkkkllllqqrrqqmmmmooooooaaaaaaaaaaaaaaaaaaaaaabdbbbbbbbbbbbbbbbbbbbbbbbbbbdb
aaaaaaaaaaaaaaaaaaaajjkkkkssssqqttqquullmmmmllllaaaaaaaaaaaaaaaaaaaaaabdddddddddddgggggddddddddddddb
aaaaaaaaaaaaaaaaaaaallkkkkllqqllllllllllllllvvllaaaaaaaaaaaaaaaaaaaaaabddddddddddddddddddddddddddddb
aaaaaaaaaaaaaaaaaaaallllqqqqqqllllwwxxyyyyyyyyllaaaaaaaaaaaaaaaaaaaaaabddddddddddddddddddddddddddddb
aaaaaaaaaaaaaaaaaaaallmmqqllllvvllllllyyzzvvyyllaaaaaaaaaaaaaaaaaaaaaabddddddddddddddddddddddddddddb
aaaaaaaaaaaaaaaaaaaammmmqqllxxllllllllyyzzzzyyllaaaaaaaaaaaaaaaaaaaaaabddddddddddddddddddddddddddddb
aaaaaaaaaaaaaaaaaaaammnnqqllllllllllllyyyyAAyyllaaaaaaaaaaaaaaaaaaaaaabddddddddddddddddddddddddddddb
aaaaaaaaaaaaaaaaaaaaaaaaaaaaaaaaaaaaaaaaaaaaaaaaaaaaaaaaaaaaaaaaaaaaaabddddddddddddddddddddddddddddb
aaaaaaaaaaaaaaaaaaaaaaaaaaaaaaaaaaaaaaaaaaaaaaaaaaaaaaaaaaaaaaaaaaaaaabddddddddddddddddddddddddddddb
aaaaaaaaaaaaaaaaaaaaaaaaaaaaaaaaaaaaaaaaaaaaaaaaaaaaaaaaaaaaaaaaaaaaaabddddddddddddddddddddddddddddb
aaaaaaaaaaaaaaaaaaaaaaaaaaaaaaaaaaaaaaaaaaaaaaaaaaaaaaaaaaaaaaaaaaaaaabddddddddddddddddddddddddddddb
aaaaaaaaaaaaaaaaaaaaaaaaaaaaaaaaaaaaaaaaaaaaaaaaaaaaaaaaaaaaaaaaaaaaaabddddddddddddddddddddddddddddb
aaaaaaaaaaaaaaaaaaaaaaaaaaaaaaaaaaaaaaaaaaaaaaaaaaaaaaaaaaaaaaaaaaaaaabddddddddddddddddddddddddddddb
aaaaaaaaaaaaaaaaaaaaaaaaaaaaaaaaaaaaaaaaaaaaaaaaaaaaaaaaaaaaaaaaaaaaaabddddddddddddddddddddddddddddb
aaaaaaaaaaaaaaaaaaaaaaaaaaaaaaaaaaaaaaaaaaaaaaaaaaaaaaaaaaaaaaaaaaaaaabddddddddddddddddddddddddddddb
aaaaaaaaaaaaaaaaaaaaaaaaaaaaaaaaaaaaaaaaaaaaaaaaaaaaaaaaaaaaaaaaaaaaaabddddddddddddddddddddddddddddb
aaaaaaaaaaaaaaaaaaaaaaaaaaaaaaaaaaaaaaaaaaaaaaaaaaaaaaaaaaaaaaaaaaaaaabddddddddddddddddddddddddddddb
aaaaaaaaaaaaaaaaaaaaaaaaaaaaaaaaaaaaaaaaaaaaaaaaaaaaaaaaaaaaaaaaaaaaaabbbbbbbbbbbbbbbbbbbbbbbbbbbbbb
aaaaaaaaaaaaaaaaaaaaaaaaaaaaaaaaaaaaaaaaaaaaaaaaaaaaaaBBBBBBBBBBBBBBBBBBBBBBBBBBBBBBBBBBBBBBBBBBBBBa
aBBBBBBBBBBBBBBBBBBBBBBBBBBBBBBBBBBBBBBaaaaaaaaaaaaaaaaaaaaaaaaaaaaaaaaaaaaaaaaaaaaaaaaaaaaaaaaaaaaa
--- legend ---
a = fg:text bg:black
b = fg:panel_border bg:panel_bg
c = fg:text_highlight bg:panel_bg
d = fg:text bg:panel_bg
e = fg:player bg:panel_bg
f = fg:enemy bg:panel_bg
g = fg:text_dim bg:panel_bg
h = fg:hp_high bg:panel_bg
i = fg:hp_low bg:panel_bg
j = fg:water bg:sea
k = fg:water bg:water_bg
l = fg:grass bg:grass_bg
m = fg:forest bg:forest_bg
n = fg:thicket bg:thicket_bg
o = fg:mountain bg:mountain_bg
p = fg:peak bg:peak_bg
q = fg:road bg:road_bg
r = fg:enemy bg:road_bg
s = fg:wood bg:water_bg
t = fg:player bg:road_bg
u = fg:enemy bg:#4c271c
v = fg:fort bg:fort_bg
w = fg:enemy bg:grass_bg
x = fg:player bg:grass_bg
y = fg:stone bg:stone_bg
z = fg:floor bg:floor_bg
A = fg:wood bg:stone_bg
B = fg:text_dim bg:black
--- overlays ---
over  256,222 16x2  hp_high
over  224,286 16x2  hp_high
over  288,254 16x2  hp_high
over  288,222 10x2  hp_mid
over  298,222 6x2  black
over  272,254 16x2  hp_high
over  272,206 16x2  hp_high
over  287,208 3x1  cursor
over  287,208 1x3  cursor
over  301,208 3x1  cursor
over  303,208 1x3  cursor
over  287,221 3x1  cursor
over  287,219 1x3  cursor
over  301,221 3x1  cursor
over  303,219 1x3  cursor
over  634,180 4x1  hp_low
over  633,181 6x1  hp_low
over  632,182 8x1  hp_low
over  632,183 1x1  hp_low
over  635,183 2x1  hp_low
over  639,183 1x1  hp_low
over  632,184 1x1  hp_low
over  635,184 2x1  hp_low
over  639,184 1x1  hp_low
over  632,185 3x1  hp_low
over  637,185 3x1  hp_low
over  633,186 6x1  hp_low
over  633,187 1x1  hp_low
over  635,187 2x1  hp_low
over  638,187 1x1  hp_low
over  634,188 4x1  hp_low
