---
source: crates/ui/src/screens/battle/turn_tests.rs
expression: "render(&s, &c).to_snapshot(&c.palette)"
---
╔══════════════════════════════════════════════════════════════════════════════════════════════════╗
║ ┌──────────────────────┐   Test Lord                  Weapons                                    ║
║ │                      │   Exile  Lv 1                E Iron Sword                         20/20 ║
║ │                      │   EXP 0                        Mt 5  Hit 90  Crit 0  Rng 1  Wt 2        ║
║ │                      │   HP 19/19   ██████████        Steel Sword                        25/25 ║
║ │                      │                                Mt 8  Hit 75  Crit 0  Rng 1  Wt 4        ║
║ │                      │   Stats                        --                                       ║
║ │       portrait       │   HP   19/42                                                            ║
║ │                      │   Str   6/22                                                            ║
║ │                      │   Mag   1/12                 Armour                                     ║
║ │                      │   Dex   7/24                   Leather Vest                             ║
║ │                      │   Spd   7/24                   Def +1                                   ║
║ └──────────────────────┘   Def   4/20                                                            ║
║                            Res   3/18                 Accessory                                  ║
║  Mov 5  foot                                            --                                       ║
║                            Skills                                                                ║
║                            Inspire                                                               ║
║  Weapon ranks                                         Spells                                     ║
║  Sword     D                                            --                                       ║
║                                                                                                  ║
║                                                                                                  ║
║                                                                                                  ║
║                                                                                                  ║
║                                                                                                  ║
║                                                                                                  ║
║                                                                                                  ║
║                                                                                                  ║
║                                                                                                  ║
║                                                                                                  ║
╚══════════════════════════════════════════════════════════════════════════════════════════════════╝
                                                     w danger zone: OFF · Shift+Space auto-end: OFF 
 s next unit · a previous · d close                                                                 
--- colours ---
aaaaaaaaaaaaaaaaaaaaaaaaaaaaaaaaaaaaaaaaaaaaaaaaaaaaaaaaaaaaaaaaaaaaaaaaaaaaaaaaaaaaaaaaaaaaaaaaaaaa
abccccccccccccccccccccccccbbbdddddddddbbbbbbbbbbbbbbbbbbeeeeeeebbbbbbbbbbbbbbbbbbbbbbbbbbbbbbbbbbbba
abcbbbbbbbbbbbbbbbbbbbbbbcbbbbbbbbbbbbbbbbbbbbbbbbbbbbbbeebbbbbbbbbbbbbbbbbbbbbbbbbbbbbbbbbbbbbbbbba
abcbbbbbbbbbbbbbbbbbbbbbbcbbbccccbbbbbbbbbbbbbbbbbbbbbbbbbcccccccccccccccccccccccccccccccccbbbbbbbba
abcbbbbbbbbbbbbbbbbbbbbbbcbbbcccbbbbbbbbffffffffffbbbbbbeebbbbbbbbbbbbbbbbbbbbbbbbbbbbbbbbbbbbbbbbba
abcbbbbbbbbbbbbbbbbbbbbbbcbbbbbbbbbbbbbbbbbbbbbbbbbbbbbbbbcccccccccccccccccccccccccccccccccbbbbbbbba
abcbbbbbbbbbbbbbbbbbbbbbbcbbbeeeeebbbbbbbbbbbbbbbbbbbbbbbbccbbbbbbbbbbbbbbbbbbbbbbbbbbbbbbbbbbbbbbba
abcbbbbbbbccccccccbbbbbbbcbbbbbbbbbbcccbbbbbbbbbbbbbbbbbbbbbbbbbbbbbbbbbbbbbbbbbbbbbbbbbbbbbbbbbbbba
abcbbbbbbbbbbbbbbbbbbbbbbcbbbbbbbbbbcccbbbbbbbbbbbbbbbbbbbbbbbbbbbbbbbbbbbbbbbbbbbbbbbbbbbbbbbbbbbba
abcbbbbbbbbbbbbbbbbbbbbbbcbbbbbbbbbbcccbbbbbbbbbbbbbbbbbeeeeeebbbbbbbbbbbbbbbbbbbbbbbbbbbbbbbbbbbbba
abcbbbbbbbbbbbbbbbbbbbbbbcbbbbbbbbbbcccbbbbbbbbbbbbbbbbbbbbbbbbbbbbbbbbbbbbbbbbbbbbbbbbbbbbbbbbbbbba
abcbbbbbbbbbbbbbbbbbbbbbbcbbbbbbbbbbcccbbbbbbbbbbbbbbbbbbbccccccbbbbbbbbbbbbbbbbbbbbbbbbbbbbbbbbbbba
abccccccccccccccccccccccccbbbbbbbbbbcccbbbbbbbbbbbbbbbbbbbbbbbbbbbbbbbbbbbbbbbbbbbbbbbbbbbbbbbbbbbba
abbbbbbbbbbbbbbbbbbbbbbbbbbbbbbbbbbbcccbbbbbbbbbbbbbbbbbeeeeeeeeebbbbbbbbbbbbbbbbbbbbbbbbbbbbbbbbbba
abbccccbbbbbbbbbbbbbbbbbbbbbbbbbbbbbbbbbbbbbbbbbbbbbbbbbbbccbbbbbbbbbbbbbbbbbbbbbbbbbbbbbbbbbbbbbbba
abbbbbbbbbbbbbbbbbbbbbbbbbbbbeeeeeebbbbbbbbbbbbbbbbbbbbbbbbbbbbbbbbbbbbbbbbbbbbbbbbbbbbbbbbbbbbbbbba
abbbbbbbbbbbbbbbbbbbbbbbbbbbbbbbbbbbbbbbbbbbbbbbbbbbbbbbbbbbbbbbbbbbbbbbbbbbbbbbbbbbbbbbbbbbbbbbbbba
abbeeeeeeeeeeeebbbbbbbbbbbbbbbbbbbbbbbbbbbbbbbbbbbbbbbbbeeeeeebbbbbbbbbbbbbbbbbbbbbbbbbbbbbbbbbbbbba
abbbbbbbbbbbbbbbbbbbbbbbbbbbbbbbbbbbbbbbbbbbbbbbbbbbbbbbbbccbbbbbbbbbbbbbbbbbbbbbbbbbbbbbbbbbbbbbbba
abbbbbbbbbbbbbbbbbbbbbbbbbbbbbbbbbbbbbbbbbbbbbbbbbbbbbbbbbbbbbbbbbbbbbbbbbbbbbbbbbbbbbbbbbbbbbbbbbba
abbbbbbbbbbbbbbbbbbbbbbbbbbbbbbbbbbbbbbbbbbbbbbbbbbbbbbbbbbbbbbbbbbbbbbbbbbbbbbbbbbbbbbbbbbbbbbbbbba
abbbbbbbbbbbbbbbbbbbbbbbbbbbbbbbbbbbbbbbbbbbbbbbbbbbbbbbbbbbbbbbbbbbbbbbbbbbbbbbbbbbbbbbbbbbbbbbbbba
abbbbbbbbbbbbbbbbbbbbbbbbbbbbbbbbbbbbbbbbbbbbbbbbbbbbbbbbbbbbbbbbbbbbbbbbbbbbbbbbbbbbbbbbbbbbbbbbbba
abbbbbbbbbbbbbbbbbbbbbbbbbbbbbbbbbbbbbbbbbbbbbbbbbbbbbbbbbbbbbbbbbbbbbbbbbbbbbbbbbbbbbbbbbbbbbbbbbba
abbbbbbbbbbbbbbbbbbbbbbbbbbbbbbbbbbbbbbbbbbbbbbbbbbbbbbbbbbbbbbbbbbbbbbbbbbbbbbbbbbbbbbbbbbbbbbbbbba
abbbbbbbbbbbbbbbbbbbbbbbbbbbbbbbbbbbbbbbbbbbbbbbbbbbbbbbbbbbbbbbbbbbbbbbbbbbbbbbbbbbbbbbbbbbbbbbbbba
abbbbbbbbbbbbbbbbbbbbbbbbbbbbbbbbbbbbbbbbbbbbbbbbbbbbbbbbbbbbbbbbbbbbbbbbbbbbbbbbbbbbbbbbbbbbbbbbbba
abbbbbbbbbbbbbbbbbbbbbbbbbbbbbbbbbbbbbbbbbbbbbbbbbbbbbbbbbbbbbbbbbbbbbbbbbbbbbbbbbbbbbbbbbbbbbbbbbba
abbbbbbbbbbbbbbbbbbbbbbbbbbbbbbbbbbbbbbbbbbbbbbbbbbbbbbbbbbbbbbbbbbbbbbbbbbbbbbbbbbbbbbbbbbbbbbbbbba
aaaaaaaaaaaaaaaaaaaaaaaaaaaaaaaaaaaaaaaaaaaaaaaaaaaaaaaaaaaaaaaaaaaaaaaaaaaaaaaaaaaaaaaaaaaaaaaaaaaa
ggggggggggggggggggggggggggggggggggggggggggggggggggggghhhhhhhhhhhhhhhhhhhhhhhhhhhhhhhhhhhhhhhhhhhhhhg
ghhhhhhhhhhhhhhhhhhhhhhhhhhhhhhhhhhggggggggggggggggggggggggggggggggggggggggggggggggggggggggggggggggg
--- legend ---
a = fg:panel_border bg:panel_bg
b = fg:text bg:panel_bg
c = fg:text_dim bg:panel_bg
d = fg:player bg:panel_bg
e = fg:text_highlight bg:panel_bg
f = fg:hp_high bg:panel_bg
g = fg:text bg:black
h = fg:text_dim bg:black
