---
source: crates/ui/src/screens/battle/skill_tests.rs
expression: buf.to_snapshot(&c.palette)
---
╔══════════════════════════════════════════════════════════════════════════════════════════════════╗
║ ┌──────────────────────┐   Test Knight                Weapons                                    ║
║ │                      │   Guard  Lv 1                E Iron Spear                         17/20 ║
║ │                      │   EXP 20                       Mt 7  Hit 80  Crit 0  Rng 1  Wt 4        ║
║ │                      │   HP 20/20   ██████████        --                                       ║
║ │                      │                                                                         ║
║ │                      │   Stats   Effects              --                                       ║
║ │       portrait       │   Str   7 Brace                                                         ║
║ │                      │   Mag   0 Def +5 Res +5                                                 ║
║ │                      │   Dex   4 until Player phase Armour                                     ║
║ │                      │   Spd   2                      Chain Mail                               ║
║ │                      │   Def  14                      Def +3                                   ║
║ └──────────────────────┘   Res   5                                                               ║
║                                                       Accessory                                  ║
║  Mov 4  armored                                         --                                       ║
║  Armored                   Skills                                                                ║
║                            A Brace             3 dur                                             ║
║  Weapon ranks                self: Def +5 Res +5      Spells                                     ║
║  Spear     D                                            --                                       ║
║                                                                                                  ║
║                                                                                                  ║
║                                                                                                  ║
║                                                                                                  ║
║                                                                                                  ║
║                                                                                                  ║
║                                                                                                  ║
║                                                                                                  ║
║                                                                                                  ║
║                                                                                                  ║
╚══════════════════════════════════════════════════════════════════════════════════════════════════╝
                                                     w danger zone: OFF · Shift+Space auto-end: OFF 
 s next unit · a previous · d close                                                        F2 debug 
--- colours ---
aaaaaaaaaaaaaaaaaaaaaaaaaaaaaaaaaaaaaaaaaaaaaaaaaaaaaaaaaaaaaaaaaaaaaaaaaaaaaaaaaaaaaaaaaaaaaaaaaaaa
abccccccccccccccccccccccccbbbdddddddddddbbbbbbbbbbbbbbbbeeeeeeebbbbbbbbbbbbbbbbbbbbbbbbbbbbbbbbbbbba
abcbbbbbbbbbbbbbbbbbbbbbbcbbbbbbbbbbbbbbbbbbbbbbbbbbbbbbeebbbbbbbbbbbbbbbbbbbbbbbbbbbbbbbbbbbbbbbbba
abcbbbbbbbbbbbbbbbbbbbbbbcbbbccccbbbbbbbbbbbbbbbbbbbbbbbbbcccccccccccccccccccccccccccccccccbbbbbbbba
abcbbbbbbbbbbbbbbbbbbbbbbcbbbcccbbbbbbbbffffffffffbbbbbbbbccbbbbbbbbbbbbbbbbbbbbbbbbbbbbbbbbbbbbbbba
abcbbbbbbbbbbbbbbbbbbbbbbcbbbbbbbbbbbbbbbbbbbbbbbbbbbbbbbbbbbbbbbbbbbbbbbbbbbbbbbbbbbbbbbbbbbbbbbbba
abcbbbbbbbbbbbbbbbbbbbbbbcbbbeeeeebbbeeeeeeebbbbbbbbbbbbbbccbbbbbbbbbbbbbbbbbbbbbbbbbbbbbbbbbbbbbbba
abcbbbbbbbccccccccbbbbbbbcbbbbbbbbbbbgggggbbbbbbbbbbbbbbbbbbbbbbbbbbbbbbbbbbbbbbbbbbbbbbbbbbbbbbbbba
abcbbbbbbbbbbbbbbbbbbbbbbcbbbbbbbbbbbbbbbbbbbbbbbbbbbbbbbbbbbbbbbbbbbbbbbbbbbbbbbbbbbbbbbbbbbbbbbbba
abcbbbbbbbbbbbbbbbbbbbbbbcbbbbbbbbbbbccccccccccccccccccbeeeeeebbbbbbbbbbbbbbbbbbbbbbbbbbbbbbbbbbbbba
abcbbbbbbbbbbbbbbbbbbbbbbcbbbbbbbbbbbbbbbbbbbbbbbbbbbbbbbbbbbbbbbbbbbbbbbbbbbbbbbbbbbbbbbbbbbbbbbbba
abcbbbbbbbbbbbbbbbbbbbbbbcbbbbbbbgggbbbbbbbbbbbbbbbbbbbbbbccccccbbbbbbbbbbbbbbbbbbbbbbbbbbbbbbbbbbba
abccccccccccccccccccccccccbbbbbbbgggbbbbbbbbbbbbbbbbbbbbbbbbbbbbbbbbbbbbbbbbbbbbbbbbbbbbbbbbbbbbbbba
abbbbbbbbbbbbbbbbbbbbbbbbbbbbbbbbbbbbbbbbbbbbbbbbbbbbbbbeeeeeeeeebbbbbbbbbbbbbbbbbbbbbbbbbbbbbbbbbba
abbccccbbbbbbbbbbbbbbbbbbbbbbbbbbbbbbbbbbbbbbbbbbbbbbbbbbbccbbbbbbbbbbbbbbbbbbbbbbbbbbbbbbbbbbbbbbba
abbbbbbbbbbbbbbbbbbbbbbbbbbbbeeeeeebbbbbbbbbbbbbbbbbbbbbbbbbbbbbbbbbbbbbbbbbbbbbbbbbbbbbbbbbbbbbbbba
abbbbbbbbbbbbbbbbbbbbbbbbbbbbebbbbbbbbbbbbbbbbbbbcccccbbbbbbbbbbbbbbbbbbbbbbbbbbbbbbbbbbbbbbbbbbbbba
abbeeeeeeeeeeeebbbbbbbbbbbbbbbbcccccccccccccccccccbbbbbbeeeeeebbbbbbbbbbbbbbbbbbbbbbbbbbbbbbbbbbbbba
abbbbbbbbbbbbbbbbbbbbbbbbbbbbbbbbbbbbbbbbbbbbbbbbbbbbbbbbbccbbbbbbbbbbbbbbbbbbbbbbbbbbbbbbbbbbbbbbba
abbbbbbbbbbbbbbbbbbbbbbbbbbbbbbbbbbbbbbbbbbbbbbbbbbbbbbbbbbbbbbbbbbbbbbbbbbbbbbbbbbbbbbbbbbbbbbbbbba
abbbbbbbbbbbbbbbbbbbbbbbbbbbbbbbbbbbbbbbbbbbbbbbbbbbbbbbbbbbbbbbbbbbbbbbbbbbbbbbbbbbbbbbbbbbbbbbbbba
abbbbbbbbbbbbbbbbbbbbbbbbbbbbbbbbbbbbbbbbbbbbbbbbbbbbbbbbbbbbbbbbbbbbbbbbbbbbbbbbbbbbbbbbbbbbbbbbbba
abbbbbbbbbbbbbbbbbbbbbbbbbbbbbbbbbbbbbbbbbbbbbbbbbbbbbbbbbbbbbbbbbbbbbbbbbbbbbbbbbbbbbbbbbbbbbbbbbba
abbbbbbbbbbbbbbbbbbbbbbbbbbbbbbbbbbbbbbbbbbbbbbbbbbbbbbbbbbbbbbbbbbbbbbbbbbbbbbbbbbbbbbbbbbbbbbbbbba
abbbbbbbbbbbbbbbbbbbbbbbbbbbbbbbbbbbbbbbbbbbbbbbbbbbbbbbbbbbbbbbbbbbbbbbbbbbbbbbbbbbbbbbbbbbbbbbbbba
abbbbbbbbbbbbbbbbbbbbbbbbbbbbbbbbbbbbbbbbbbbbbbbbbbbbbbbbbbbbbbbbbbbbbbbbbbbbbbbbbbbbbbbbbbbbbbbbbba
abbbbbbbbbbbbbbbbbbbbbbbbbbbbbbbbbbbbbbbbbbbbbbbbbbbbbbbbbbbbbbbbbbbbbbbbbbbbbbbbbbbbbbbbbbbbbbbbbba
abbbbbbbbbbbbbbbbbbbbbbbbbbbbbbbbbbbbbbbbbbbbbbbbbbbbbbbbbbbbbbbbbbbbbbbbbbbbbbbbbbbbbbbbbbbbbbbbbba
abbbbbbbbbbbbbbbbbbbbbbbbbbbbbbbbbbbbbbbbbbbbbbbbbbbbbbbbbbbbbbbbbbbbbbbbbbbbbbbbbbbbbbbbbbbbbbbbbba
aaaaaaaaaaaaaaaaaaaaaaaaaaaaaaaaaaaaaaaaaaaaaaaaaaaaaaaaaaaaaaaaaaaaaaaaaaaaaaaaaaaaaaaaaaaaaaaaaaaa
hhhhhhhhhhhhhhhhhhhhhhhhhhhhhhhhhhhhhhhhhhhhhhhhhhhhhiiiiiiiiiiiiiiiiiiiiiiiiiiiiiiiiiiiiiiiiiiiiiih
hiiiiiiiiiiiiiiiiiiiiiiiiiiiiiiiiiihhhhhhhhhhhhhhhhhhhhhhhhhhhhhhhhhhhhhhhhhhhhhhhhhhhhhhhhiiiiiiiih
--- legend ---
a = fg:panel_border bg:panel_bg
b = fg:text bg:panel_bg
c = fg:text_dim bg:panel_bg
d = fg:player bg:panel_bg
e = fg:text_highlight bg:panel_bg
f = fg:hp_high bg:panel_bg
g = fg:effect bg:panel_bg
h = fg:text bg:black
i = fg:text_dim bg:black
