---
source: crates/ui/src/screens/battle/turn_tests.rs
expression: buf.to_snapshot(&c.palette)
---
╔══════════════════════════════════════════════════════════════════════════════════════════════════╗
║ ┌──────────────────────┐   Test Knight                Weapons                                    ║
║ │                      │   Guard  Lv 1                E Iron Spear                          0/20 ║
║ │                      │   EXP 0                        Mt 7  Hit 80  Crit 0  Rng 1  Wt 4        ║
║ │                      │   HP 6/20    ███░░░░░░░        --                                       ║
║ │                      │                                                                         ║
║ │                      │   Stats                        --                                       ║
║ │       portrait       │   HP   20/45                                                            ║
║ │                      │   Str   7/22                                                            ║
║ │                      │   Mag   0/8                  Armour                                     ║
║ │                      │   Dex   4/18                   Chain Mail                               ║
║ │                      │   Spd   2/14                   Def +3                                   ║
║ └──────────────────────┘   Def   9/26                                                            ║
║                            Res   0/10                 Accessory                                  ║
║  Mov 4  armored                                         Power Ring                               ║
║  Armored                   Skills                       Str +2                                   ║
║                            Brace                                                                 ║
║  Weapon ranks                                         Spells                                     ║
║  Spear     D                                            Fire                               10/10 ║
║                                                                                                  ║
║                                                                                                  ║
║                                                                                                  ║
║                                                                                                  ║
║                                                                                                  ║
║                                                                                                  ║
║                                                                                                  ║
║                                                                                                  ║
║                                                                                                  ║
║                                                                                                  ║
╚══════════════════════════════════════════════════════════════════════════════════════════════════╝
                                                     w danger zone: OFF · Shift+Space auto-end: OFF 
 s next unit · a previous · d close                                                                 
--- colours ---
aaaaaaaaaaaaaaaaaaaaaaaaaaaaaaaaaaaaaaaaaaaaaaaaaaaaaaaaaaaaaaaaaaaaaaaaaaaaaaaaaaaaaaaaaaaaaaaaaaaa
abccccccccccccccccccccccccbbbdddddddddddbbbbbbbbbbbbbbbbeeeeeeebbbbbbbbbbbbbbbbbbbbbbbbbbbbbbbbbbbba
abcbbbbbbbbbbbbbbbbbbbbbbcbbbbbbbbbbbbbbbbbbbbbbbbbbbbbbeeffffffffffbbbbbbbbbbbbbbbbbbbbbbbbbfffffba
abcbbbbbbbbbbbbbbbbbbbbbbcbbbccccbbbbbbbbbbbbbbbbbbbbbbbbbcccccccccccccccccccccccccccccccccbbbbbbbba
abcbbbbbbbbbbbbbbbbbbbbbbcbbbcccbbbbbbbbfffcccccccbbbbbbbbccbbbbbbbbbbbbbbbbbbbbbbbbbbbbbbbbbbbbbbba
abcbbbbbbbbbbbbbbbbbbbbbbcbbbbbbbbbbbbbbbbbbbbbbbbbbbbbbbbbbbbbbbbbbbbbbbbbbbbbbbbbbbbbbbbbbbbbbbbba
abcbbbbbbbbbbbbbbbbbbbbbbcbbbeeeeebbbbbbbbbbbbbbbbbbbbbbbbccbbbbbbbbbbbbbbbbbbbbbbbbbbbbbbbbbbbbbbba
abcbbbbbbbccccccccbbbbbbbcbbbbbbbbbbcccbbbbbbbbbbbbbbbbbbbbbbbbbbbbbbbbbbbbbbbbbbbbbbbbbbbbbbbbbbbba
abcbbbbbbbbbbbbbbbbbbbbbbcbbbbbbbbbbcccbbbbbbbbbbbbbbbbbbbbbbbbbbbbbbbbbbbbbbbbbbbbbbbbbbbbbbbbbbbba
abcbbbbbbbbbbbbbbbbbbbbbbcbbbbbbbbbbccbbbbbbbbbbbbbbbbbbeeeeeebbbbbbbbbbbbbbbbbbbbbbbbbbbbbbbbbbbbba
abcbbbbbbbbbbbbbbbbbbbbbbcbbbbbbbbbbcccbbbbbbbbbbbbbbbbbbbbbbbbbbbbbbbbbbbbbbbbbbbbbbbbbbbbbbbbbbbba
abcbbbbbbbbbbbbbbbbbbbbbbcbbbbbbbbbbcccbbbbbbbbbbbbbbbbbbbccccccbbbbbbbbbbbbbbbbbbbbbbbbbbbbbbbbbbba
abccccccccccccccccccccccccbbbbbbbbbbcccbbbbbbbbbbbbbbbbbbbbbbbbbbbbbbbbbbbbbbbbbbbbbbbbbbbbbbbbbbbba
abbbbbbbbbbbbbbbbbbbbbbbbbbbbbbbbbbbcccbbbbbbbbbbbbbbbbbeeeeeeeeebbbbbbbbbbbbbbbbbbbbbbbbbbbbbbbbbba
abbccccbbbbbbbbbbbbbbbbbbbbbbbbbbbbbbbbbbbbbbbbbbbbbbbbbbbbbbbbbbbbbbbbbbbbbbbbbbbbbbbbbbbbbbbbbbbba
abbbbbbbbbbbbbbbbbbbbbbbbbbbbeeeeeebbbbbbbbbbbbbbbbbbbbbbbccccccbbbbbbbbbbbbbbbbbbbbbbbbbbbbbbbbbbba
abbbbbbbbbbbbbbbbbbbbbbbbbbbbbbbbbbbbbbbbbbbbbbbbbbbbbbbbbbbbbbbbbbbbbbbbbbbbbbbbbbbbbbbbbbbbbbbbbba
abbeeeeeeeeeeeebbbbbbbbbbbbbbbbbbbbbbbbbbbbbbbbbbbbbbbbbeeeeeebbbbbbbbbbbbbbbbbbbbbbbbbbbbbbbbbbbbba
abbbbbbbbbbbbbbbbbbbbbbbbbbbbbbbbbbbbbbbbbbbbbbbbbbbbbbbbbbbbbbbbbbbbbbbbbbbbbbbbbbbbbbbbbbbbbbbbbba
abbbbbbbbbbbbbbbbbbbbbbbbbbbbbbbbbbbbbbbbbbbbbbbbbbbbbbbbbbbbbbbbbbbbbbbbbbbbbbbbbbbbbbbbbbbbbbbbbba
abbbbbbbbbbbbbbbbbbbbbbbbbbbbbbbbbbbbbbbbbbbbbbbbbbbbbbbbbbbbbbbbbbbbbbbbbbbbbbbbbbbbbbbbbbbbbbbbbba
abbbbbbbbbbbbbbbbbbbbbbbbbbbbbbbbbbbbbbbbbbbbbbbbbbbbbbbbbbbbbbbbbbbbbbbbbbbbbbbbbbbbbbbbbbbbbbbbbba
abbbbbbbbbbbbbbbbbbbbbbbbbbbbbbbbbbbbbbbbbbbbbbbbbbbbbbbbbbbbbbbbbbbbbbbbbbbbbbbbbbbbbbbbbbbbbbbbbba
abbbbbbbbbbbbbbbbbbbbbbbbbbbbbbbbbbbbbbbbbbbbbbbbbbbbbbbbbbbbbbbbbbbbbbbbbbbbbbbbbbbbbbbbbbbbbbbbbba
abbbbbbbbbbbbbbbbbbbbbbbbbbbbbbbbbbbbbbbbbbbbbbbbbbbbbbbbbbbbbbbbbbbbbbbbbbbbbbbbbbbbbbbbbbbbbbbbbba
abbbbbbbbbbbbbbbbbbbbbbbbbbbbbbbbbbbbbbbbbbbbbbbbbbbbbbbbbbbbbbbbbbbbbbbbbbbbbbbbbbbbbbbbbbbbbbbbbba
abbbbbbbbbbbbbbbbbbbbbbbbbbbbbbbbbbbbbbbbbbbbbbbbbbbbbbbbbbbbbbbbbbbbbbbbbbbbbbbbbbbbbbbbbbbbbbbbbba
abbbbbbbbbbbbbbbbbbbbbbbbbbbbbbbbbbbbbbbbbbbbbbbbbbbbbbbbbbbbbbbbbbbbbbbbbbbbbbbbbbbbbbbbbbbbbbbbbba
abbbbbbbbbbbbbbbbbbbbbbbbbbbbbbbbbbbbbbbbbbbbbbbbbbbbbbbbbbbbbbbbbbbbbbbbbbbbbbbbbbbbbbbbbbbbbbbbbba
aaaaaaaaaaaaaaaaaaaaaaaaaaaaaaaaaaaaaaaaaaaaaaaaaaaaaaaaaaaaaaaaaaaaaaaaaaaaaaaaaaaaaaaaaaaaaaaaaaaa
ggggggggggggggggggggggggggggggggggggggggggggggggggggghhhhhhhhhhhhhhhhhhhhhhhhhhhhhhhhhhhhhhhhhhhhhhg
ghhhhhhhhhhhhhhhhhhhhhhhhhhhhhhhhhhggggggggggggggggggggggggggggggggggggggggggggggggggggggggggggggggg
--- legend ---
a = fg:panel_border bg:panel_bg
b = fg:text bg:panel_bg
c = fg:text_dim bg:panel_bg
d = fg:player bg:panel_bg
e = fg:text_highlight bg:panel_bg
f = fg:hp_low bg:panel_bg
g = fg:text bg:black
h = fg:text_dim bg:black
