---
source: crates/ui/src/screens/battle/attack_tests.rs
expression: h.snapshot()
---
                                                                      ┌────────────────────────────┐
             ╔══════════════════════════════════════════╗             │ Plain                      │
             ║ Test Lord             Brigand            ║             │ DEF +0  AVO +0             │
             ║ HP 19 ██████████      HP 17 █████████░   ║             │                            │
             ║                       HIT -8             ║             │                            │
             ╚══════════════════════════════════════════╝             │ Brigand                    │
                                                                      │ Brigand  Lv 1              │
                                                                      │ HP 17/20   █████████░      │
                                                                      │ Enemy                      │
                                                                      │                            │
                                                                      │                            │
                    ≈≈≈≈≈≈≈≈≈≈....♣♣♣♣♠♠♠♠^^^^▲▲                      │                            │
                    ≈≈≈≈≈≈≈≈....··Ra··♣♣♣♣^^^^^^                      │                            │
                    ≈≈≈≈≈≈====····LoBr..♣♣♣♣....                      │                            │
                    ..≈≈≈≈..··..............[]..                      │                            │
                    ....······....BrAr▓▓▓▓▓▓▓▓..                      │                            │
                    ..♣♣··....[]......▓▓░░[]▓▓..                      │                            │
                    ♣♣♣♣··..Kn........▓▓░░░░▓▓..                      │                            │
                    ♣♣♠♠··............▓▓▓▓▐▌▓▓..                      │                            │
                                                                      │                            │
                                                                      │                            │
                                                                      │                            │
                                                                      │                            │
                                                                      │                            │
                                                                      │                            │
                                                                      │                            │
                                                                      │                            │
                                                                      │                            │
                                                                      │                            │
                                                                      └────────────────────────────┘
                                                      w danger zone: OFF · Shift+Space auto-end: ON 
 f skip · hold f fast                                                                               
--- colours ---
aaaaaaaaaaaaaaaaaaaaaaaaaaaaaaaaaaaaaaaaaaaaaaaaaaaaaaaaaaaaaaaaaaaaaabbbbbbbbbbbbbbbbbbbbbbbbbbbbbb
aaaaaaaaaaaaaccccccccccccccccccccccccccccccccccccccccccccaaaaaaaaaaaaabdeeeeeddddddddddddddddddddddb
aaaaaaaaaaaaacdfffffffffdddddddddddddgggggggddddddddddddcaaaaaaaaaaaaabddddddddddddddddddddddddddddb
aaaaaaaaaaaaacdddddddhhhhhhhhhhddddddddddddhhhhhhhhhidddcaaaaaaaaaaaaabddddddddddddddddddddddddddddb
aaaaaaaaaaaaacdddddddddddddddddddddddeeeeeedddddddddddddcaaaaaaaaaaaaabddddddddddddddddddddddddddddb
aaaaaaaaaaaaaccccccccccccccccccccccccccccccccccccccccccccaaaaaaaaaaaaabdgggggggddddddddddddddddddddb
aaaaaaaaaaaaaaaaaaaaaaaaaaaaaaaaaaaaaaaaaaaaaaaaaaaaaaaaaaaaaaaaaaaaaabddddddddddddddddddddddddddddb
aaaaaaaaaaaaaaaaaaaaaaaaaaaaaaaaaaaaaaaaaaaaaaaaaaaaaaaaaaaaaaaaaaaaaabddddddddddddhhhhhhhhhiddddddb
aaaaaaaaaaaaaaaaaaaaaaaaaaaaaaaaaaaaaaaaaaaaaaaaaaaaaaaaaaaaaaaaaaaaaabdiiiiiddddddddddddddddddddddb
aaaaaaaaaaaaaaaaaaaaaaaaaaaaaaaaaaaaaaaaaaaaaaaaaaaaaaaaaaaaaaaaaaaaaabddddddddddddddddddddddddddddb
aaaaaaaaaaaaaaaaaaaaaaaaaaaaaaaaaaaaaaaaaaaaaaaaaaaaaaaaaaaaaaaaaaaaaabddddddddddddddddddddddddddddb
aaaaaaaaaaaaaaaaaaaajjjjjjkkkkllllmmmmnnnnooooppaaaaaaaaaaaaaaaaaaaaaabddddddddddddddddddddddddddddb
aaaaaaaaaaaaaaaaaaaajjjjkkkkllllqqrrqqmmmmooooooaaaaaaaaaaaaaaaaaaaaaabddddddddddddddddddddddddddddb
aaaaaaaaaaaaaaaaaaaajjkkkkssssqqqqttuullmmmmllllaaaaaaaaaaaaaaaaaaaaaabddddddddddddddddddddddddddddb
aaaaaaaaaaaaaaaaaaaallkkkkllqqllllllllllllllvvllaaaaaaaaaaaaaaaaaaaaaabddddddddddddddddddddddddddddb
aaaaaaaaaaaaaaaaaaaallllqqqqqqlllluuwwxxxxxxxxllaaaaaaaaaaaaaaaaaaaaaabddddddddddddddddddddddddddddb
aaaaaaaaaaaaaaaaaaaallmmqqllllvvllllllxxyyvvxxllaaaaaaaaaaaaaaaaaaaaaabddddddddddddddddddddddddddddb
aaaaaaaaaaaaaaaaaaaammmmqqllwwllllllllxxyyyyxxllaaaaaaaaaaaaaaaaaaaaaabddddddddddddddddddddddddddddb
aaaaaaaaaaaaaaaaaaaammnnqqllllllllllllxxxxzzxxllaaaaaaaaaaaaaaaaaaaaaabddddddddddddddddddddddddddddb
aaaaaaaaaaaaaaaaaaaaaaaaaaaaaaaaaaaaaaaaaaaaaaaaaaaaaaaaaaaaaaaaaaaaaabddddddddddddddddddddddddddddb
aaaaaaaaaaaaaaaaaaaaaaaaaaaaaaaaaaaaaaaaaaaaaaaaaaaaaaaaaaaaaaaaaaaaaabddddddddddddddddddddddddddddb
aaaaaaaaaaaaaaaaaaaaaaaaaaaaaaaaaaaaaaaaaaaaaaaaaaaaaaaaaaaaaaaaaaaaaabddddddddddddddddddddddddddddb
aaaaaaaaaaaaaaaaaaaaaaaaaaaaaaaaaaaaaaaaaaaaaaaaaaaaaaaaaaaaaaaaaaaaaabddddddddddddddddddddddddddddb
aaaaaaaaaaaaaaaaaaaaaaaaaaaaaaaaaaaaaaaaaaaaaaaaaaaaaaaaaaaaaaaaaaaaaabddddddddddddddddddddddddddddb
aaaaaaaaaaaaaaaaaaaaaaaaaaaaaaaaaaaaaaaaaaaaaaaaaaaaaaaaaaaaaaaaaaaaaabddddddddddddddddddddddddddddb
aaaaaaaaaaaaaaaaaaaaaaaaaaaaaaaaaaaaaaaaaaaaaaaaaaaaaaaaaaaaaaaaaaaaaabddddddddddddddddddddddddddddb
aaaaaaaaaaaaaaaaaaaaaaaaaaaaaaaaaaaaaaaaaaaaaaaaaaaaaaaaaaaaaaaaaaaaaabddddddddddddddddddddddddddddb
aaaaaaaaaaaaaaaaaaaaaaaaaaaaaaaaaaaaaaaaaaaaaaaaaaaaaaaaaaaaaaaaaaaaaabddddddddddddddddddddddddddddb
aaaaaaaaaaaaaaaaaaaaaaaaaaaaaaaaaaaaaaaaaaaaaaaaaaaaaaaaaaaaaaaaaaaaaabddddddddddddddddddddddddddddb
aaaaaaaaaaaaaaaaaaaaaaaaaaaaaaaaaaaaaaaaaaaaaaaaaaaaaaaaaaaaaaaaaaaaaabbbbbbbbbbbbbbbbbbbbbbbbbbbbbb
aaaaaaaaaaaaaaaaaaaaaaaaaaaaaaaaaaaaaaaaaaaaaaaaaaaaaaAAAAAAAAAAAAAAAAAAAAAAAAAAAAAAAAAAAAAAAAAAAAAa
aAAAAAAAAAAAAAAAAAAAAaaaaaaaaaaaaaaaaaaaaaaaaaaaaaaaaaaaaaaaaaaaaaaaaaaaaaaaaaaaaaaaaaaaaaaaaaaaaaaa
--- legend ---
a = fg:text bg:black
b = fg:panel_border bg:panel_bg
c = fg:panel_border_focus bg:panel_bg
d = fg:text bg:panel_bg
e = fg:text_highlight bg:panel_bg
f = fg:player bg:panel_bg
g = fg:enemy bg:panel_bg
h = fg:hp_high bg:panel_bg
i = fg:text_dim bg:panel_bg
j = fg:water bg:sea
k = fg:water bg:water_bg
l = fg:grass bg:grass_bg
m = fg:forest bg:forest_bg
n = fg:thicket bg:thicket_bg
o = fg:mountain bg:mountain_bg
p = fg:peak bg:peak_bg
q = fg:road bg:road_bg
r = fg:enemy bg:road_bg
s = fg:wood bg:water_bg
t = fg:player bg:road_bg
u = fg:enemy bg:grass_bg
v = fg:fort bg:fort_bg
w = fg:player bg:grass_bg
x = fg:stone bg:stone_bg
y = fg:floor bg:floor_bg
z = fg:wood bg:stone_bg
A = fg:text_dim bg:black
--- overlays ---
over  272,222 16x2  hp_high
over  224,286 16x2  hp_high
over  288,254 16x2  hp_high
over  288,222 14x2  hp_high
over  302,222 2x2  black
over  272,254 16x2  hp_high
over  272,206 16x2  hp_high
