---
source: crates/ui/src/screens/battle/mod.rs
expression: buf.to_snapshot(&c.palette)
---
^^......♣♣♣♣♣♣······≈≈≈≈≈≈^^^^^^......♣♣♣♣♣♣······≈≈≈≈≈≈^^^^^^......♣♣┌────────────────────────────┐
^^......♣♣♣♣♣♣······≈≈≈≈≈≈^^^^^^......♣♣♣♣♣♣······≈≈≈≈≈≈^^^^^^......♣♣│                            │
..Br♣♣♣♣······≈≈≈≈≈≈^^^^^^......♣♣♣♣♣♣······≈≈≈≈≈≈^^^^^^......♣♣♣♣♣♣··│                            │
..♣♣♣♣♣♣······≈≈≈≈≈≈^^^^^^......♣♣♣♣♣♣······≈≈≈≈≈≈^^^^^^......♣♣♣♣♣♣··│                            │
♣♣······≈≈≈≈≈≈^^^^^^......♣♣♣♣♣♣······≈≈≈≈≈≈^^^^^^......♣♣♣♣♣♣······≈≈│                            │
♣♣······≈≈≈≈≈≈^^^^^^......♣♣♣♣♣♣······≈≈≈≈≈≈^^^^^^......♣♣♣♣♣♣······≈≈│                            │
··≈≈≈≈≈≈^^^^^^......♣♣♣♣♣♣······≈≈≈≈≈≈^^^^^^......♣♣♣♣♣♣······≈≈≈≈≈≈^^│                            │
··≈≈≈≈≈≈^^^^^^......♣♣♣♣♣♣······≈≈≈≈≈≈^^^^^^......♣♣♣♣♣♣······≈≈≈≈≈≈^^│                            │
≈≈^^^^^^......♣♣♣♣♣♣······≈≈≈≈≈≈^^^^^^......♣♣♣♣♣♣······≈≈≈≈≈≈^^^^^^..│                            │
≈≈^^^^^^......♣♣♣♣♣♣······≈≈≈≈≈≈^^^^^^......♣♣♣♣♣♣······≈≈≈≈≈≈^^^^^^..│                            │
^^......♣♣♣♣♣♣······≈≈≈≈≈≈^^^^^^......♣♣♣♣♣♣······≈≈≈≈≈≈^^^^^^......♣♣│                            │
^^......♣♣♣♣♣♣······≈≈≈≈≈≈^^^^^^......♣♣♣♣♣♣······≈≈≈≈≈≈^^^^^^......♣♣│                            │
..♣♣♣♣♣♣······≈≈≈≈≈≈^^^^^^......♣♣♣♣♣♣······≈≈≈≈≈≈^^^^^^......♣♣♣♣♣♣··│                            │
..♣♣♣♣♣♣······≈≈≈≈≈≈^^^^^^......♣♣♣♣♣♣······≈≈≈≈≈≈^^^^^^......♣♣♣♣♣♣··│                            │
♣♣······≈≈≈≈≈≈^^^^^^......♣♣♣♣♣♣······≈≈≈≈≈≈^^^^^^......♣♣♣♣♣♣······≈≈│                            │
♣♣······≈≈≈≈≈≈^^^^^^......♣♣♣♣♣♣······≈≈≈≈≈≈^^^^^^......♣♣♣♣♣♣······≈≈│                            │
··≈≈≈≈≈≈^^^^^^......♣♣♣♣♣♣······≈≈≈≈≈≈^^^^^^......♣♣♣♣♣♣······≈≈≈≈≈≈^^│                            │
··≈≈≈≈≈≈^^^^^^......♣♣♣♣♣♣······≈≈≈≈≈≈^^^^^^......♣♣♣♣♣♣······≈≈≈≈≈≈^^│                            │
≈≈^^^^^^......♣♣♣♣♣♣······≈≈≈≈≈≈^^^^^^......♣♣♣♣♣♣······≈≈≈≈≈≈^^^^^^..│                            │
≈≈^^^^^^......♣♣♣♣♣♣······≈≈≈≈≈≈^^^^^^......♣♣♣♣♣♣······≈≈≈≈≈≈^^^^^^..│                            │
^^......♣♣♣♣♣♣······≈≈≈≈≈≈^^^^^^......♣♣♣♣♣♣······≈≈≈≈≈≈^^^^^^......♣♣│                            │
^^......♣♣♣♣♣♣······≈≈≈≈≈≈^^^^^^......♣♣♣♣♣♣······≈≈≈≈≈≈^^^^^^......♣♣│                            │
..♣♣♣♣♣♣······≈≈≈≈≈≈^^^^^^......♣♣♣♣♣♣······≈≈≈≈≈≈^^^^^^......♣♣♣♣♣♣··│                            │
..♣♣♣♣♣♣······≈≈≈≈≈≈^^^^^^......♣♣♣♣♣♣······≈≈≈≈≈≈^^^^^^......♣♣♣♣♣♣··│                            │
♣♣······≈≈≈≈≈≈^^^^^^......♣♣♣♣♣♣······≈≈≈≈≈≈^^^^^^......♣♣♣♣♣♣······≈≈│                            │
♣♣······≈≈≈≈≈≈^^^^^^......♣♣♣♣♣♣······≈≈≈≈≈≈^^^^^^......♣♣♣♣♣♣······≈≈│                            │
··≈≈≈≈≈≈^^^^^^......♣♣♣♣♣♣······≈≈≈≈≈≈^^^^^^......♣♣♣♣♣♣······≈≈≈≈≈≈^^│                            │
··≈≈≈≈≈≈^^^^^^......♣♣♣♣♣♣······≈≈≈≈≈≈^^^^^^......♣♣♣♣♣♣······≈≈≈≈≈≈^^│                            │
≈≈^^^^^^......♣♣♣♣♣♣······≈≈≈≈≈≈^^^^^^......♣♣♣♣♣♣······≈≈≈≈≈≈^^^^^^..│                            │
≈≈^^^^^^......♣♣♣♣♣♣······≈≈≈≈≈≈^^^^^^......♣♣♣♣♣♣······≈≈≈≈≈≈^^^^^^Ra└────────────────────────────┘
                                                                                                    
 arrows move · f select · d back · e info                                                           
--- colours ---
aabbbbbbccccccddddddeeeeeeaaaaaabbbbbbccccccddddddeeeeeeaaaaaabbbbbbccffffffffffffffffffffffffffffff
aabbbbbbccccccddddddeeeeeeaaaaaabbbbbbccccccddddddeeeeeeaaaaaabbbbbbccfggggggggggggggggggggggggggggf
bbhhccccddddddeeeeeeaaaaaabbbbbbccccccddddddeeeeeeaaaaaabbbbbbccccccddfggggggggggggggggggggggggggggf
bbccccccddddddeeeeeeaaaaaabbbbbbccccccddddddeeeeeeaaaaaabbbbbbccccccddfggggggggggggggggggggggggggggf
ccddddddeeeeeeaaaaaabbbbbbccccccddddddeeeeeeaaaaaabbbbbbccccccddddddeefggggggggggggggggggggggggggggf
ccddddddeeeeeeaaaaaabbbbbbccccccddddddeeeeeeaaaaaabbbbbbccccccddddddeefggggggggggggggggggggggggggggf
ddeeeeeeaaaaaabbbbbbccccccddddddeeeeeeaaaaaabbbbbbccccccddddddeeeeeeaafggggggggggggggggggggggggggggf
ddeeeeeeaaaaaabbbbbbccccccddddddeeeeeeaaaaaabbbbbbccccccddddddeeeeeeaafggggggggggggggggggggggggggggf
eeaaaaaabbbbbbccccccddddddeeeeeeaaaaaabbbbbbccccccddddddeeeeeeaaaaaabbfggggggggggggggggggggggggggggf
eeaaaaaabbbbbbccccccddddddeeeeeeaaaaaabbbbbbccccccddddddeeeeeeaaaaaabbfggggggggggggggggggggggggggggf
aabbbbbbccccccddddddeeeeeeaaaaaabbbbbbccccccddddddeeeeeeaaaaaabbbbbbccfggggggggggggggggggggggggggggf
aabbbbbbccccccddddddeeeeeeaaaaaabbbbbbccccccddddddeeeeeeaaaaaabbbbbbccfggggggggggggggggggggggggggggf
bbccccccddddddeeeeeeaaaaaabbbbbbccccccddddddeeeeeeaaaaaabbbbbbccccccddfggggggggggggggggggggggggggggf
bbccccccddddddeeeeeeaaaaaabbbbbbccccccddddddeeeeeeaaaaaabbbbbbccccccddfggggggggggggggggggggggggggggf
ccddddddeeeeeeaaaaaabbbbbbccccccddddddeeeeeeaaaaaabbbbbbccccccddddddeefggggggggggggggggggggggggggggf
ccddddddeeeeeeaaaaaabbbbbbccccccddddddeeeeeeaaaaaabbbbbbccccccddddddeefggggggggggggggggggggggggggggf
ddeeeeeeaaaaaabbbbbbccccccddddddeeeeeeaaaaaabbbbbbccccccddddddeeeeeeaafggggggggggggggggggggggggggggf
ddeeeeeeaaaaaabbbbbbccccccddddddeeeeeeaaaaaabbbbbbccccccddddddeeeeeeaafggggggggggggggggggggggggggggf
eeaaaaaabbbbbbccccccddddddeeeeeeaaaaaabbbbbbccccccddddddeeeeeeaaaaaabbfggggggggggggggggggggggggggggf
eeaaaaaabbbbbbccccccddddddeeeeeeaaaaaabbbbbbccccccddddddeeeeeeaaaaaabbfggggggggggggggggggggggggggggf
aabbbbbbccccccddddddeeeeeeaaaaaabbbbbbccccccddddddeeeeeeaaaaaabbbbbbccfggggggggggggggggggggggggggggf
aabbbbbbccccccddddddeeeeeeaaaaaabbbbbbccccccddddddeeeeeeaaaaaabbbbbbccfggggggggggggggggggggggggggggf
bbccccccddddddeeeeeeaaaaaabbbbbbccccccddddddeeeeeeaaaaaabbbbbbccccccddfggggggggggggggggggggggggggggf
bbccccccddddddeeeeeeaaaaaabbbbbbccccccddddddeeeeeeaaaaaabbbbbbccccccddfggggggggggggggggggggggggggggf
ccddddddeeeeeeaaaaaabbbbbbccccccddddddeeeeeeaaaaaabbbbbbccccccddddddeefggggggggggggggggggggggggggggf
ccddddddeeeeeeaaaaaabbbbbbccccccddddddeeeeeeaaaaaabbbbbbccccccddddddeefggggggggggggggggggggggggggggf
ddeeeeeeaaaaaabbbbbbccccccddddddeeeeeeaaaaaabbbbbbccccccddddddeeeeeeaafggggggggggggggggggggggggggggf
ddeeeeeeaaaaaabbbbbbccccccddddddeeeeeeaaaaaabbbbbbccccccddddddeeeeeeaafggggggggggggggggggggggggggggf
eeaaaaaabbbbbbccccccddddddeeeeeeaaaaaabbbbbbccccccddddddeeeeeeaaaaaabbfggggggggggggggggggggggggggggf
eeaaaaaabbbbbbccccccddddddeeeeeeaaaaaabbbbbbccccccddddddeeeeeeaaaaaaiiffffffffffffffffffffffffffffff
jjjjjjjjjjjjjjjjjjjjjjjjjjjjjjjjjjjjjjjjjjjjjjjjjjjjjjjjjjjjjjjjjjjjjjjjjjjjjjjjjjjjjjjjjjjjjjjjjjjj
jkkkkkkkkkkkkkkkkkkkkkkkkkkkkkkkkkkkkkkkkjjjjjjjjjjjjjjjjjjjjjjjjjjjjjjjjjjjjjjjjjjjjjjjjjjjjjjjjjjj
--- legend ---
a = fg:mountain bg:mountain_bg
b = fg:grass bg:grass_bg
c = fg:forest bg:forest_bg
d = fg:road bg:road_bg
e = fg:water bg:water_bg
f = fg:panel_border bg:panel_bg
g = fg:text bg:panel_bg
h = fg:enemy bg:forest_bg
i = fg:enemy bg:grass_bg
j = fg:text bg:black
k = fg:text_dim bg:black
--- overlays ---
over  16,46 16x2  hp_high
over  544,478 16x2  hp_high
