---
source: crates/ui/src/screens/battle/magic_tests.rs
expression: buf.to_snapshot(&c.palette)
---
╔══════════════════════════════════════════════════════════════════════════════════════════════════╗
║ ┌──────────────────────┐   Frost Elemental            Weapons                                    ║
║ │                      │   Frost Elemental  Lv 1        --                                       ║
║ │                      │   EXP 0                                                                 ║
║ │                      │   HP 30/30   ██████████        --                                       ║
║ │                      │                                                                         ║
║ │                      │   Stats                        --                                       ║
║ │       portrait       │   Str   0                                                               ║
║ │                      │   Mag   8                                                               ║
║ │                      │   Dex   4                    Armour                                     ║
║ │                      │   Spd   5                      --                                       ║
║ │                      │   Def   8                                                               ║
║ └──────────────────────┘   Res   4                                                               ║
║                                                       Accessory                                  ║
║  Mov 4  foot                                            --                                       ║
║                            Skills                                                                ║
║                            --                                                                    ║
║  Weapon ranks                                         Spells                                     ║
║                                                       E Frost                              10/10 ║
║  Affinities                                                                                      ║
║  Ice       Absorb                                                                                ║
║  Fire      Weak                                                                                  ║
║                                                                                                  ║
║                                                                                                  ║
║                                                                                                  ║
║                                                                                                  ║
║                                                                                                  ║
║                                                                                                  ║
║                                                                                                  ║
╚══════════════════════════════════════════════════════════════════════════════════════════════════╝
                                                     w danger zone: OFF · Shift+Space auto-end: OFF 
 s next unit · a previous · d close                                                        F2 debug 
--- colours ---
aaaaaaaaaaaaaaaaaaaaaaaaaaaaaaaaaaaaaaaaaaaaaaaaaaaaaaaaaaaaaaaaaaaaaaaaaaaaaaaaaaaaaaaaaaaaaaaaaaaa
abccccccccccccccccccccccccbbbdddddddddddddddbbbbbbbbbbbbeeeeeeebbbbbbbbbbbbbbbbbbbbbbbbbbbbbbbbbbbba
abcbbbbbbbbbbbbbbbbbbbbbbcbbbbbbbbbbbbbbbbbbbbbbbbbbbbbbbbccbbbbbbbbbbbbbbbbbbbbbbbbbbbbbbbbbbbbbbba
abcbbbbbbbbbbbbbbbbbbbbbbcbbbccccbbbbbbbbbbbbbbbbbbbbbbbbbbbbbbbbbbbbbbbbbbbbbbbbbbbbbbbbbbbbbbbbbba
abcbbbbbbbbbbbbbbbbbbbbbbcbbbcccbbbbbbbbffffffffffbbbbbbbbccbbbbbbbbbbbbbbbbbbbbbbbbbbbbbbbbbbbbbbba
abcbbbbbbbbbbbbbbbbbbbbbbcbbbbbbbbbbbbbbbbbbbbbbbbbbbbbbbbbbbbbbbbbbbbbbbbbbbbbbbbbbbbbbbbbbbbbbbbba
abcbbbbbbbbbbbbbbbbbbbbbbcbbbeeeeebbbbbbbbbbbbbbbbbbbbbbbbccbbbbbbbbbbbbbbbbbbbbbbbbbbbbbbbbbbbbbbba
abcbbbbbbbccccccccbbbbbbbcbbbbbbbbbbbbbbbbbbbbbbbbbbbbbbbbbbbbbbbbbbbbbbbbbbbbbbbbbbbbbbbbbbbbbbbbba
abcbbbbbbbbbbbbbbbbbbbbbbcbbbbbbbbbbbbbbbbbbbbbbbbbbbbbbbbbbbbbbbbbbbbbbbbbbbbbbbbbbbbbbbbbbbbbbbbba
abcbbbbbbbbbbbbbbbbbbbbbbcbbbbbbbbbbbbbbbbbbbbbbbbbbbbbbeeeeeebbbbbbbbbbbbbbbbbbbbbbbbbbbbbbbbbbbbba
abcbbbbbbbbbbbbbbbbbbbbbbcbbbbbbbbbbbbbbbbbbbbbbbbbbbbbbbbccbbbbbbbbbbbbbbbbbbbbbbbbbbbbbbbbbbbbbbba
abcbbbbbbbbbbbbbbbbbbbbbbcbbbbbbbbbbbbbbbbbbbbbbbbbbbbbbbbbbbbbbbbbbbbbbbbbbbbbbbbbbbbbbbbbbbbbbbbba
abccccccccccccccccccccccccbbbbbbbbbbbbbbbbbbbbbbbbbbbbbbbbbbbbbbbbbbbbbbbbbbbbbbbbbbbbbbbbbbbbbbbbba
abbbbbbbbbbbbbbbbbbbbbbbbbbbbbbbbbbbbbbbbbbbbbbbbbbbbbbbeeeeeeeeebbbbbbbbbbbbbbbbbbbbbbbbbbbbbbbbbba
abbccccbbbbbbbbbbbbbbbbbbbbbbbbbbbbbbbbbbbbbbbbbbbbbbbbbbbccbbbbbbbbbbbbbbbbbbbbbbbbbbbbbbbbbbbbbbba
abbbbbbbbbbbbbbbbbbbbbbbbbbbbeeeeeebbbbbbbbbbbbbbbbbbbbbbbbbbbbbbbbbbbbbbbbbbbbbbbbbbbbbbbbbbbbbbbba
abbbbbbbbbbbbbbbbbbbbbbbbbbbbccbbbbbbbbbbbbbbbbbbbbbbbbbbbbbbbbbbbbbbbbbbbbbbbbbbbbbbbbbbbbbbbbbbbba
abbeeeeeeeeeeeebbbbbbbbbbbbbbbbbbbbbbbbbbbbbbbbbbbbbbbbbeeeeeebbbbbbbbbbbbbbbbbbbbbbbbbbbbbbbbbbbbba
abbbbbbbbbbbbbbbbbbbbbbbbbbbbbbbbbbbbbbbbbbbbbbbbbbbbbbbebbbbbbbbbbbbbbbbbbbbbbbbbbbbbbbbbbbbbbbbbba
abbeeeeeeeeeebbbbbbbbbbbbbbbbbbbbbbbbbbbbbbbbbbbbbbbbbbbbbbbbbbbbbbbbbbbbbbbbbbbbbbbbbbbbbbbbbbbbbba
abbbbbbbbbbbbbbbbbbbbbbbbbbbbbbbbbbbbbbbbbbbbbbbbbbbbbbbbbbbbbbbbbbbbbbbbbbbbbbbbbbbbbbbbbbbbbbbbbba
abbbbbbbbbbbbbbbbbbbbbbbbbbbbbbbbbbbbbbbbbbbbbbbbbbbbbbbbbbbbbbbbbbbbbbbbbbbbbbbbbbbbbbbbbbbbbbbbbba
abbbbbbbbbbbbbbbbbbbbbbbbbbbbbbbbbbbbbbbbbbbbbbbbbbbbbbbbbbbbbbbbbbbbbbbbbbbbbbbbbbbbbbbbbbbbbbbbbba
abbbbbbbbbbbbbbbbbbbbbbbbbbbbbbbbbbbbbbbbbbbbbbbbbbbbbbbbbbbbbbbbbbbbbbbbbbbbbbbbbbbbbbbbbbbbbbbbbba
abbbbbbbbbbbbbbbbbbbbbbbbbbbbbbbbbbbbbbbbbbbbbbbbbbbbbbbbbbbbbbbbbbbbbbbbbbbbbbbbbbbbbbbbbbbbbbbbbba
abbbbbbbbbbbbbbbbbbbbbbbbbbbbbbbbbbbbbbbbbbbbbbbbbbbbbbbbbbbbbbbbbbbbbbbbbbbbbbbbbbbbbbbbbbbbbbbbbba
abbbbbbbbbbbbbbbbbbbbbbbbbbbbbbbbbbbbbbbbbbbbbbbbbbbbbbbbbbbbbbbbbbbbbbbbbbbbbbbbbbbbbbbbbbbbbbbbbba
abbbbbbbbbbbbbbbbbbbbbbbbbbbbbbbbbbbbbbbbbbbbbbbbbbbbbbbbbbbbbbbbbbbbbbbbbbbbbbbbbbbbbbbbbbbbbbbbbba
abbbbbbbbbbbbbbbbbbbbbbbbbbbbbbbbbbbbbbbbbbbbbbbbbbbbbbbbbbbbbbbbbbbbbbbbbbbbbbbbbbbbbbbbbbbbbbbbbba
aaaaaaaaaaaaaaaaaaaaaaaaaaaaaaaaaaaaaaaaaaaaaaaaaaaaaaaaaaaaaaaaaaaaaaaaaaaaaaaaaaaaaaaaaaaaaaaaaaaa
ggggggggggggggggggggggggggggggggggggggggggggggggggggghhhhhhhhhhhhhhhhhhhhhhhhhhhhhhhhhhhhhhhhhhhhhhg
ghhhhhhhhhhhhhhhhhhhhhhhhhhhhhhhhhhgggggggggggggggggggggggggggggggggggggggggggggggggggggggghhhhhhhhg
--- legend ---
a = fg:panel_border bg:panel_bg
b = fg:text bg:panel_bg
c = fg:text_dim bg:panel_bg
d = fg:enemy bg:panel_bg
e = fg:text_highlight bg:panel_bg
f = fg:hp_high bg:panel_bg
g = fg:text bg:black
h = fg:text_dim bg:black
