---
source: crates/ui/src/debug.rs
expression: snap
---
 Glyphs (547)                                                                                       
    ! " # $ % & ' ( ) * + , - . / 0 1 2 3 4 5 6 7 8 9 : ; < = > ? @ A B C D E F G H I J K L M N O   
  P Q R S T U V W X Y Z [ \ ] ^ _ ` a b c d e f g h i j k l m n o p q r s t u v w x y z { | } ~     
  ¡ ¢ £ ¤ ¥ ¦ § ¨ © ª « ¬ ­ ® ¯ ° ± ² ³ ´ µ ¶ · ¸ ¹ º » ¼ ½ ¾ ¿ À Á Â Ã Ä Å Æ Ç È É Ê Ë Ì Í Î Ï Ð   
  Ñ Ò Ó Ô Õ Ö × Ø Ù Ú Û Ü Ý Þ ß à á â ã ä å æ ç è é ê ë ì í î ï ð ñ ò ó ô õ ö ÷ ø ù ú û ü ý þ ÿ ˇ   
  Α Β Γ Δ Ε Ζ Η Θ Ι Κ Λ Μ Ν Ξ Ο Π Ρ Σ Τ Υ Φ Χ Ψ Ω Ϊ Ϋ ά έ ή ί ΰ α β γ δ ε ζ η θ ι κ λ μ ν ξ ο π ρ   
  ς σ τ υ φ χ ψ ω ‐ ‑ ‒ – — ― ‖ ‗ ‘ ’ ‚ ‛ “ ” „ ‟ † ‡ • … ‰ ′ ″ ‹ › ‼ ‾ ← ↑ → ↓ ↔ ↕ ↤ ↦ ↨ ↲ ↳ ↵ ↻   
  ⇋ ⇌ ⇐ ⇑ ⇒ ⇓ ⇔ ⇕ ∀ ∃ ∄ ∅ ∆ ∇ ∈ ∉ ∊ ∋ ∌ ∍ − ∓ ∔ ∕ ∖ ∙ √ ∞ ∟ ∥ ∧ ∨ ∩ ∪ ≈ ≠ ≡ ≤ ≥ ≪ ≫ ⊂ ⊃ ⊆ ⊇ ⊥ ⋂ ⋃   
  ⌀ ⌂ ⌈ ⌉ ⌊ ⌋ ⌐ ⌙ ⌠ ⌡ ⎛ ⎜ ⎝ ⎞ ⎟ ⎠ ⎡ ⎢ ⎣ ⎤ ⎥ ⎦ ⎧ ⎨ ⎩ ⎫ ⎬ ⎭ ⎮ ⎯ ⎺ ⎻ ⎼ ⎽ ⏐ ─ ━ │ ┃ ┈ ┉ ┊ ┋ ┌ ┍ ┎ ┏ ┐   
  ┑ ┒ ┓ └ ┕ ┖ ┗ ┘ ┙ ┚ ┛ ├ ┝ ┞ ┟ ┠ ┡ ┢ ┣ ┤ ┥ ┦ ┧ ┨ ┩ ┪ ┫ ┬ ┭ ┮ ┯ ┰ ┱ ┲ ┳ ┴ ┵ ┶ ┷ ┸ ┹ ┺ ┻ ┼ ┽ ┾ ┿ ╀   
  ╁ ╂ ╃ ╄ ╅ ╆ ╇ ╈ ╉ ╊ ╋ ═ ║ ╒ ╓ ╔ ╕ ╖ ╗ ╘ ╙ ╚ ╛ ╜ ╝ ╞ ╟ ╠ ╡ ╢ ╣ ╤ ╥ ╦ ╧ ╨ ╩ ╪ ╫ ╬ ╭ ╮ ╯ ╰ ╱ ╲ ╳ ╴   
  ╵ ╶ ╷ ╸ ╹ ╺ ╻ ╼ ╽ ╾ ╿ ▀ ▁ ▂ ▃ ▄ ▅ ▆ ▇ █ ▉ ▊ ▋ ▌ ▍ ▎ ▏ ▐ ░ ▒ ▓ ▖ ▗ ▘ ▙ ▚ ▛ ▜ ▝ ▞ ▟ ■ ▬ ▮ ▲ ▶ ► ▼   
  ◀ ◄ ◆ ◊ ○ ● ◘ ◙ ☺ ☻ ☼ ♀ ♂ ♠ ♣ ♥ ♦ ♪ ♫                                                             
                                                                                                    
                                                                                                    
                                                                                                    
 Palette (34)                                                                                       
 ██ ally                 ██ attack_range         ██ black                ██ cursor                  
 ██ danger_zone          ██ enemy                ██ exp_bar              ██ forest                  
 ██ forest_bg            ██ grass                ██ grass_bg             ██ heal_range              
 ██ hp_high              ██ hp_low               ██ hp_mid               ██ mountain                
 ██ mountain_bg          ██ move_range           ██ neutral              ██ panel_bg                
 ██ panel_border         ██ panel_border_focus   ██ path                 ██ player                  
 ██ road                 ██ road_bg              ██ stone                ██ stone_bg                
 ██ text                 ██ text_dim             ██ text_highlight       ██ water                   
 ██ water_bg             ██ white                                                                   
                                                                                                    
 The quick brown fox jumps over the lazy dog. 0123456789 ÀÉÎÕÜ àéîõü ß ¿¡ «» ← ↑ → ↓                
 ┌─ Unit ───────────────────────────────┐  ╔═ Ranges ═════════════════════════════════════════════╗ 
 │ Aldo vs Brigand                      │  ║     move        attack        heal        danger     ║ 
 │ HP ■■■■■■■■■■  ░▒▓█▀▄▌▐              │  ║ .. ♣♣ ≈≈ ^^ ▓▓  A· Bˇ C! D• []                       ║ 
 └──────────────────────────────────────┘  ╚══════════════════════════════════════════════════════╝ 
--- colours ---
abbbbbbbbbbbbaaaaaaaaaaaaaaaaaaaaaaaaaaaaaaaaaaaaaaaaaaaaaaaaaaaaaaaaaaaaaaaaaaaaaaaaaaaaaaaaaaaaaaa
aaaaaaaaaaaaaaaaaaaaaaaaaaaaaaaaaaaaaaaaaaaaaaaaaaaaaaaaaaaaaaaaaaaaaaaaaaaaaaaaaaaaaaaaaaaaaaaaaaaa
aaaaaaaaaaaaaaaaaaaaaaaaaaaaaaaaaaaaaaaaaaaaaaaaaaaaaaaaaaaaaaaaaaaaaaaaaaaaaaaaaaaaaaaaaaaaaaaaaaaa
aaaaaaaaaaaaaaaaaaaaaaaaaaaaaaaaaaaaaaaaaaaaaaaaaaaaaaaaaaaaaaaaaaaaaaaaaaaaaaaaaaaaaaaaaaaaaaaaaaaa
aaaaaaaaaaaaaaaaaaaaaaaaaaaaaaaaaaaaaaaaaaaaaaaaaaaaaaaaaaaaaaaaaaaaaaaaaaaaaaaaaaaaaaaaaaaaaaaaaaaa
aaaaaaaaaaaaaaaaaaaaaaaaaaaaaaaaaaaaaaaaaaaaaaaaaaaaaaaaaaaaaaaaaaaaaaaaaaaaaaaaaaaaaaaaaaaaaaaaaaaa
aaaaaaaaaaaaaaaaaaaaaaaaaaaaaaaaaaaaaaaaaaaaaaaaaaaaaaaaaaaaaaaaaaaaaaaaaaaaaaaaaaaaaaaaaaaaaaaaaaaa
aaaaaaaaaaaaaaaaaaaaaaaaaaaaaaaaaaaaaaaaaaaaaaaaaaaaaaaaaaaaaaaaaaaaaaaaaaaaaaaaaaaaaaaaaaaaaaaaaaaa
aaaaaaaaaaaaaaaaaaaaaaaaaaaaaaaaaaaaaaaaaaaaaaaaaaaaaaaaaaaaaaaaaaaaaaaaaaaaaaaaaaaaaaaaaaaaaaaaaaaa
aaaaaaaaaaaaaaaaaaaaaaaaaaaaaaaaaaaaaaaaaaaaaaaaaaaaaaaaaaaaaaaaaaaaaaaaaaaaaaaaaaaaaaaaaaaaaaaaaaaa
aaaaaaaaaaaaaaaaaaaaaaaaaaaaaaaaaaaaaaaaaaaaaaaaaaaaaaaaaaaaaaaaaaaaaaaaaaaaaaaaaaaaaaaaaaaaaaaaaaaa
aaaaaaaaaaaaaaaaaaaaaaaaaaaaaaaaaaaaaaaaaaaaaaaaaaaaaaaaaaaaaaaaaaaaaaaaaaaaaaaaaaaaaaaaaaaaaaaaaaaa
aaaaaaaaaaaaaaaaaaaaaaaaaaaaaaaaaaaaaaaaaaaaaaaaaaaaaaaaaaaaaaaaaaaaaaaaaaaaaaaaaaaaaaaaaaaaaaaaaaaa
aaaaaaaaaaaaaaaaaaaaaaaaaaaaaaaaaaaaaaaaaaaaaaaaaaaaaaaaaaaaaaaaaaaaaaaaaaaaaaaaaaaaaaaaaaaaaaaaaaaa
aaaaaaaaaaaaaaaaaaaaaaaaaaaaaaaaaaaaaaaaaaaaaaaaaaaaaaaaaaaaaaaaaaaaaaaaaaaaaaaaaaaaaaaaaaaaaaaaaaaa
aaaaaaaaaaaaaaaaaaaaaaaaaaaaaaaaaaaaaaaaaaaaaaaaaaaaaaaaaaaaaaaaaaaaaaaaaaaaaaaaaaaaaaaaaaaaaaaaaaaa
abbbbbbbbbbbbaaaaaaaaaaaaaaaaaaaaaaaaaaaaaaaaaaaaaaaaaaaaaaaaaaaaaaaaaaaaaaaaaaaaaaaaaaaaaaaaaaaaaaa
accaddddaaaaaaaaaaaaaaaaaeeaddddddddddddaaaaaaaaaffadddddaaaaaaaaaaaaaaaaggaddddddaaaaaaaaaaaaaaaaaa
ahhadddddddddddaaaaaaaaaaiiadddddaaaaaaaaaaaaaaaajjadddddddaaaaaaaaaaaaaakkaddddddaaaaaaaaaaaaaaaaaa
alladddddddddaaaaaaaaaaaammadddddaaaaaaaaaaaaaaaannaddddddddaaaaaaaaaaaaaooaddddddddddaaaaaaaaaaaaaa
appadddddddaaaaaaaaaaaaaaqqaddddddaaaaaaaaaaaaaaarraddddddaaaaaaaaaaaaaaassaddddddddaaaaaaaaaaaaaaaa
attadddddddddddaaaaaaaaaauuaddddddddddaaaaaaaaaaavvadddddddaaaaaaaaaaaaaawwaddddddddaaaaaaaaaaaaaaaa
axxaddddddddddddaaaaaaaaayyaddddddddddddddddddaaazzaddddaaaaaaaaaaaaaaaaaAAaddddddaaaaaaaaaaaaaaaaaa
aBBaddddaaaaaaaaaaaaaaaaaCCadddddddaaaaaaaaaaaaaaDDadddddaaaaaaaaaaaaaaaaEEaddddddddaaaaaaaaaaaaaaaa
aaaaddddaaaaaaaaaaaaaaaaaddaddddddddaaaaaaaaaaaaabbaddddddddddddddaaaaaaaFFadddddaaaaaaaaaaaaaaaaaaa
aGGaddddddddaaaaaaaaaaaaaHHadddddaaaaaaaaaaaaaaaaaaaaaaaaaaaaaaaaaaaaaaaaaaaaaaaaaaaaaaaaaaaaaaaaaaa
aaaaaaaaaaaaaaaaaaaaaaaaaaaaaaaaaaaaaaaaaaaaaaaaaaaaaaaaaaaaaaaaaaaaaaaaaaaaaaaaaaaaaaaaaaaaaaaaaaaa
aaaaaaaaaaaaaaaaaaaaaaaaaaaaaaaaaaaaaaaaaaaaaaaaaaaaaaaaaaaaaaaaaaaaaaaaaaaaaaaaaaaaaaaaaaaaaaaaaaaa
aIIJJJJJJIIIIIIIIIIIIIIIIIIIIIIIIIIIIIIIIaaKKJJJJJJJJKKKKKKKKKKKKKKKKKKKKKKKKKKKKKKKKKKKKKKKKKKKKKKa
aILMMMMLNNLOOOOOOOLLLLLLLLLLLLLLLLLLLLLLIaaKLPPPPPPPPPPPPLQQQQQQQQQQQQLRRRRRRRRRRRRLSSSSSSSSSSSSLLKa
aILLLLTTTTTTUUUVLLWWWWWWWWLLLLLLLLLLLLLLIaaKLXXLYYLZZL00L11LLMML22L33L44L55LLLLLLLLLLLLLLLLLLLLLLLKa
aIIIIIIIIIIIIIIIIIIIIIIIIIIIIIIIIIIIIIIIIaaKKKKKKKKKKKKKKKKKKKKKKKKKKKKKKKKKKKKKKKKKKKKKKKKKKKKKKKKa
--- legend ---
a = fg:text bg:black
b = fg:text_highlight bg:black
c = fg:ally bg:black
d = fg:text_dim bg:black
e = fg:attack_range bg:black
f = fg:black bg:black
g = fg:cursor bg:black
h = fg:danger_zone bg:black
i = fg:enemy bg:black
j = fg:exp_bar bg:black
k = fg:forest bg:black
l = fg:forest_bg bg:black
m = fg:grass bg:black
n = fg:grass_bg bg:black
o = fg:heal_range bg:black
p = fg:hp_high bg:black
q = fg:hp_low bg:black
r = fg:hp_mid bg:black
s = fg:mountain bg:black
t = fg:mountain_bg bg:black
u = fg:move_range bg:black
v = fg:neutral bg:black
w = fg:panel_bg bg:black
x = fg:panel_border bg:black
y = fg:panel_border_focus bg:black
z = fg:path bg:black
A = fg:player bg:black
B = fg:road bg:black
C = fg:road_bg bg:black
D = fg:stone bg:black
E = fg:stone_bg bg:black
F = fg:water bg:black
G = fg:water_bg bg:black
H = fg:white bg:black
I = fg:panel_border bg:panel_bg
J = fg:text_highlight bg:panel_bg
K = fg:panel_border_focus bg:panel_bg
L = fg:text bg:panel_bg
M = fg:player bg:panel_bg
N = fg:text_dim bg:panel_bg
O = fg:enemy bg:panel_bg
P = fg:text bg:move_range
Q = fg:text bg:attack_range
R = fg:text bg:heal_range
S = fg:text bg:danger_zone
T = fg:hp_high bg:panel_bg
U = fg:hp_mid bg:panel_bg
V = fg:hp_low bg:panel_bg
W = fg:exp_bar bg:panel_bg
X = fg:grass bg:panel_bg
Y = fg:forest bg:panel_bg
Z = fg:water bg:panel_bg
0 = fg:mountain bg:panel_bg
1 = fg:stone bg:panel_bg
2 = fg:#6a3528 bg:panel_bg
3 = fg:ally bg:panel_bg
4 = fg:neutral bg:panel_bg
5 = fg:cursor bg:panel_bg
