---
source: crates/ui/src/debug.rs
expression: snap
---
 Glyphs (547)                                                                                       
    ! " # $ % & ' ( ) * + , - . / 0 1 2 3 4 5 6 7 8 9 : ; < = > ? @ A B C D E F G H I J K L M N O   
  P Q R S T U V W X Y Z [ \ ] ^ _ ` a b c d e f g h i j k l m n o p q r s t u v w x y z { | } ~     
  ¡ ¢ £ ¤ ¥ ¦ § ¨ © ª « ¬ ­ ® ¯ ° ± ² ³ ´ µ ¶ · ¸ ¹ º » ¼ ½ ¾ ¿ À Á Â Ã Ä Å Æ Ç È É Ê Ë Ì Í Î Ï Ð   
  Ñ Ò Ó Ô Õ Ö × Ø Ù Ú Û Ü Ý Þ ß à á â ã ä å æ ç è é ê ë ì í î ï ð ñ ò ó ô õ ö ÷ ø ù ú û ü ý þ ÿ ˇ   
  Α Β Γ Δ Ε Ζ Η Θ Ι Κ Λ Μ Ν Ξ Ο Π Ρ Σ Τ Υ Φ Χ Ψ Ω Ϊ Ϋ ά έ ή ί ΰ α β γ δ ε ζ η θ ι κ λ μ ν ξ ο π ρ   
  ς σ τ υ φ χ ψ ω ‐ ‑ ‒ – — ― ‖ ‗ ‘ ’ ‚ ‛ “ ” „ ‟ † ‡ • … ‰ ′ ″ ‹ › ‼ ‾ ← ↑ → ↓ ↔ ↕ ↤ ↦ ↨ ↲ ↳ ↵ ↻   
  ⇋ ⇌ ⇐ ⇑ ⇒ ⇓ ⇔ ⇕ ∀ ∃ ∄ ∅ ∆ ∇ ∈ ∉ ∊ ∋ ∌ ∍ − ∓ ∔ ∕ ∖ ∙ √ ∞ ∟ ∥ ∧ ∨ ∩ ∪ ≈ ≠ ≡ ≤ ≥ ≪ ≫ ⊂ ⊃ ⊆ ⊇ ⊥ ⋂ ⋃   
  ⌀ ⌂ ⌈ ⌉ ⌊ ⌋ ⌐ ⌙ ⌠ ⌡ ⎛ ⎜ ⎝ ⎞ ⎟ ⎠ ⎡ ⎢ ⎣ ⎤ ⎥ ⎦ ⎧ ⎨ ⎩ ⎫ ⎬ ⎭ ⎮ ⎯ ⎺ ⎻ ⎼ ⎽ ⏐ ─ ━ │ ┃ ┈ ┉ ┊ ┋ ┌ ┍ ┎ ┏ ┐   
  ┑ ┒ ┓ └ ┕ ┖ ┗ ┘ ┙ ┚ ┛ ├ ┝ ┞ ┟ ┠ ┡ ┢ ┣ ┤ ┥ ┦ ┧ ┨ ┩ ┪ ┫ ┬ ┭ ┮ ┯ ┰ ┱ ┲ ┳ ┴ ┵ ┶ ┷ ┸ ┹ ┺ ┻ ┼ ┽ ┾ ┿ ╀   
  ╁ ╂ ╃ ╄ ╅ ╆ ╇ ╈ ╉ ╊ ╋ ═ ║ ╒ ╓ ╔ ╕ ╖ ╗ ╘ ╙ ╚ ╛ ╜ ╝ ╞ ╟ ╠ ╡ ╢ ╣ ╤ ╥ ╦ ╧ ╨ ╩ ╪ ╫ ╬ ╭ ╮ ╯ ╰ ╱ ╲ ╳ ╴   
  ╵ ╶ ╷ ╸ ╹ ╺ ╻ ╼ ╽ ╾ ╿ ▀ ▁ ▂ ▃ ▄ ▅ ▆ ▇ █ ▉ ▊ ▋ ▌ ▍ ▎ ▏ ▐ ░ ▒ ▓ ▖ ▗ ▘ ▙ ▚ ▛ ▜ ▝ ▞ ▟ ■ ▬ ▮ ▲ ▶ ► ▼   
  ◀ ◄ ◆ ◊ ○ ● ◘ ◙ ☺ ☻ ☼ ♀ ♂ ♠ ♣ ♥ ♦ ♪ ♫                                                             
                                                                                                    
                                                                                                    
                                                                                                    
 Palette (45)                                                                                       
 ██ ally                 ██ attack_range         ██ black                ██ cursor                  
 ██ danger_zone          ██ enemy                ██ exp_bar              ██ floor                   
 ██ floor_bg             ██ forest               ██ forest_bg            ██ fort                    
 ██ fort_bg              ██ grass                ██ grass_bg             ██ heal_range              
 ██ hp_high              ██ hp_low               ██ hp_mid               ██ mountain                
 ██ mountain_bg          ██ move_range           ██ neutral              ██ panel_bg                
 ██ panel_border         ██ panel_border_focus   ██ path                 ██ peak                    
 ██ peak_bg              ██ player               ██ road                 ██ road_bg                 
 ██ sea                  ██ stone                ██ stone_bg             ██ text                    
 ██ text_dim             ██ text_highlight       ██ thicket              ██ thicket_bg              
 ██ water                ██ water_bg             ██ white                ██ wood                    
 ██ wood_bg                                                                                         
                                                                                                    
 The quick brown fox jumps over the lazy dog. 0123456789 ÀÉÎÕÜ àéîõü ß ¿¡ «» ← ↑ → ↓                
 ┌─ Unit ───────────────────────────────┐  ╔═ Ranges ═════════════════════════════════════════════╗ 
--- colours ---
abbbbbbbbbbbbaaaaaaaaaaaaaaaaaaaaaaaaaaaaaaaaaaaaaaaaaaaaaaaaaaaaaaaaaaaaaaaaaaaaaaaaaaaaaaaaaaaaaaa
aaaaaaaaaaaaaaaaaaaaaaaaaaaaaaaaaaaaaaaaaaaaaaaaaaaaaaaaaaaaaaaaaaaaaaaaaaaaaaaaaaaaaaaaaaaaaaaaaaaa
aaaaaaaaaaaaaaaaaaaaaaaaaaaaaaaaaaaaaaaaaaaaaaaaaaaaaaaaaaaaaaaaaaaaaaaaaaaaaaaaaaaaaaaaaaaaaaaaaaaa
aaaaaaaaaaaaaaaaaaaaaaaaaaaaaaaaaaaaaaaaaaaaaaaaaaaaaaaaaaaaaaaaaaaaaaaaaaaaaaaaaaaaaaaaaaaaaaaaaaaa
aaaaaaaaaaaaaaaaaaaaaaaaaaaaaaaaaaaaaaaaaaaaaaaaaaaaaaaaaaaaaaaaaaaaaaaaaaaaaaaaaaaaaaaaaaaaaaaaaaaa
aaaaaaaaaaaaaaaaaaaaaaaaaaaaaaaaaaaaaaaaaaaaaaaaaaaaaaaaaaaaaaaaaaaaaaaaaaaaaaaaaaaaaaaaaaaaaaaaaaaa
aaaaaaaaaaaaaaaaaaaaaaaaaaaaaaaaaaaaaaaaaaaaaaaaaaaaaaaaaaaaaaaaaaaaaaaaaaaaaaaaaaaaaaaaaaaaaaaaaaaa
aaaaaaaaaaaaaaaaaaaaaaaaaaaaaaaaaaaaaaaaaaaaaaaaaaaaaaaaaaaaaaaaaaaaaaaaaaaaaaaaaaaaaaaaaaaaaaaaaaaa
aaaaaaaaaaaaaaaaaaaaaaaaaaaaaaaaaaaaaaaaaaaaaaaaaaaaaaaaaaaaaaaaaaaaaaaaaaaaaaaaaaaaaaaaaaaaaaaaaaaa
aaaaaaaaaaaaaaaaaaaaaaaaaaaaaaaaaaaaaaaaaaaaaaaaaaaaaaaaaaaaaaaaaaaaaaaaaaaaaaaaaaaaaaaaaaaaaaaaaaaa
aaaaaaaaaaaaaaaaaaaaaaaaaaaaaaaaaaaaaaaaaaaaaaaaaaaaaaaaaaaaaaaaaaaaaaaaaaaaaaaaaaaaaaaaaaaaaaaaaaaa
aaaaaaaaaaaaaaaaaaaaaaaaaaaaaaaaaaaaaaaaaaaaaaaaaaaaaaaaaaaaaaaaaaaaaaaaaaaaaaaaaaaaaaaaaaaaaaaaaaaa
aaaaaaaaaaaaaaaaaaaaaaaaaaaaaaaaaaaaaaaaaaaaaaaaaaaaaaaaaaaaaaaaaaaaaaaaaaaaaaaaaaaaaaaaaaaaaaaaaaaa
aaaaaaaaaaaaaaaaaaaaaaaaaaaaaaaaaaaaaaaaaaaaaaaaaaaaaaaaaaaaaaaaaaaaaaaaaaaaaaaaaaaaaaaaaaaaaaaaaaaa
aaaaaaaaaaaaaaaaaaaaaaaaaaaaaaaaaaaaaaaaaaaaaaaaaaaaaaaaaaaaaaaaaaaaaaaaaaaaaaaaaaaaaaaaaaaaaaaaaaaa
aaaaaaaaaaaaaaaaaaaaaaaaaaaaaaaaaaaaaaaaaaaaaaaaaaaaaaaaaaaaaaaaaaaaaaaaaaaaaaaaaaaaaaaaaaaaaaaaaaaa
abbbbbbbbbbbbaaaaaaaaaaaaaaaaaaaaaaaaaaaaaaaaaaaaaaaaaaaaaaaaaaaaaaaaaaaaaaaaaaaaaaaaaaaaaaaaaaaaaaa
accaddddaaaaaaaaaaaaaaaaaeeaddddddddddddaaaaaaaaaffadddddaaaaaaaaaaaaaaaaggaddddddaaaaaaaaaaaaaaaaaa
ahhadddddddddddaaaaaaaaaaiiadddddaaaaaaaaaaaaaaaajjadddddddaaaaaaaaaaaaaakkadddddaaaaaaaaaaaaaaaaaaa
alladdddddddaaaaaaaaaaaaammaddddddaaaaaaaaaaaaaaannadddddddddaaaaaaaaaaaaooaddddaaaaaaaaaaaaaaaaaaaa
appadddddddaaaaaaaaaaaaaaqqadddddaaaaaaaaaaaaaaaarraddddddddaaaaaaaaaaaaassaddddddddddaaaaaaaaaaaaaa
attadddddddaaaaaaaaaaaaaauuaddddddaaaaaaaaaaaaaaavvaddddddaaaaaaaaaaaaaaawwaddddddddaaaaaaaaaaaaaaaa
axxadddddddddddaaaaaaaaaayyaddddddddddaaaaaaaaaaazzadddddddaaaaaaaaaaaaaaAAaddddddddaaaaaaaaaaaaaaaa
aBBaddddddddddddaaaaaaaaaCCaddddddddddddddddddaaaDDaddddaaaaaaaaaaaaaaaaaEEaddddaaaaaaaaaaaaaaaaaaaa
aFFadddddddaaaaaaaaaaaaaaGGaddddddaaaaaaaaaaaaaaaHHaddddaaaaaaaaaaaaaaaaaIIadddddddaaaaaaaaaaaaaaaaa
aJJadddaaaaaaaaaaaaaaaaaaKKadddddaaaaaaaaaaaaaaaaLLaddddddddaaaaaaaaaaaaaaaaddddaaaaaaaaaaaaaaaaaaaa
addaddddddddaaaaaaaaaaaaabbaddddddddddddddaaaaaaaMMadddddddaaaaaaaaaaaaaaNNaddddddddddaaaaaaaaaaaaaa
aOOadddddaaaaaaaaaaaaaaaaPPaddddddddaaaaaaaaaaaaaQQadddddaaaaaaaaaaaaaaaaRRaddddaaaaaaaaaaaaaaaaaaaa
aSSadddddddaaaaaaaaaaaaaaaaaaaaaaaaaaaaaaaaaaaaaaaaaaaaaaaaaaaaaaaaaaaaaaaaaaaaaaaaaaaaaaaaaaaaaaaaa
aaaaaaaaaaaaaaaaaaaaaaaaaaaaaaaaaaaaaaaaaaaaaaaaaaaaaaaaaaaaaaaaaaaaaaaaaaaaaaaaaaaaaaaaaaaaaaaaaaaa
aaaaaaaaaaaaaaaaaaaaaaaaaaaaaaaaaaaaaaaaaaaaaaaaaaaaaaaaaaaaaaaaaaaaaaaaaaaaaaaaaaaaaaaaaaaaaaaaaaaa
aTTUUUUUUTTTTTTTTTTTTTTTTTTTTTTTTTTTTTTTTaaVVUUUUUUUUVVVVVVVVVVVVVVVVVVVVVVVVVVVVVVVVVVVVVVVVVVVVVVa
--- legend ---
a = fg:text bg:black
b = fg:text_highlight bg:black
c = fg:ally bg:black
d = fg:text_dim bg:black
e = fg:attack_range bg:black
f = fg:black bg:black
g = fg:cursor bg:black
h = fg:danger_zone bg:black
i = fg:enemy bg:black
j = fg:exp_bar bg:black
k = fg:floor bg:black
l = fg:floor_bg bg:black
m = fg:forest bg:black
n = fg:forest_bg bg:black
o = fg:fort bg:black
p = fg:fort_bg bg:black
q = fg:grass bg:black
r = fg:grass_bg bg:black
s = fg:heal_range bg:black
t = fg:hp_high bg:black
u = fg:hp_low bg:black
v = fg:hp_mid bg:black
w = fg:mountain bg:black
x = fg:mountain_bg bg:black
y = fg:move_range bg:black
z = fg:neutral bg:black
A = fg:panel_bg bg:black
B = fg:panel_border bg:black
C = fg:panel_border_focus bg:black
D = fg:path bg:black
E = fg:peak bg:black
F = fg:peak_bg bg:black
G = fg:player bg:black
H = fg:road bg:black
I = fg:road_bg bg:black
J = fg:sea bg:black
K = fg:stone bg:black
L = fg:stone_bg bg:black
M = fg:thicket bg:black
N = fg:thicket_bg bg:black
O = fg:water bg:black
P = fg:water_bg bg:black
Q = fg:white bg:black
R = fg:wood bg:black
S = fg:wood_bg bg:black
T = fg:panel_border bg:panel_bg
U = fg:text_highlight bg:panel_bg
V = fg:panel_border_focus bg:panel_bg
